Component: ARM Compiler 6.16 Tool: armlink [5dfeaa00]

==============================================================================

Section Cross References

    main.o(.text.main) refers to at32f403a_407_wk_config.o(.text.wk_system_clock_config) for wk_system_clock_config
    main.o(.text.main) refers to at32f403a_407_wk_config.o(.text.wk_periph_clock_config) for wk_periph_clock_config
    main.o(.text.main) refers to at32f403a_407_wk_config.o(.text.wk_debug_config) for wk_debug_config
    main.o(.text.main) refers to at32f403a_407_wk_config.o(.text.wk_nvic_config) for wk_nvic_config
    main.o(.text.main) refers to at32f403a_407_wk_config.o(.text.wk_dma1_channel1_init) for wk_dma1_channel1_init
    main.o(.text.main) refers to at32f403a_407_wk_config.o(.text.wk_dma_channel_config) for wk_dma_channel_config
    main.o(.text.main) refers to at32f403a_407_dma.o(.text.dma_channel_enable) for dma_channel_enable
    main.o(.text.main) refers to at32f403a_407_wk_config.o(.text.wk_adc1_init) for wk_adc1_init
    main.o(.text.main) refers to at32f403a_407_wk_config.o(.text.wk_tmr1_init) for wk_tmr1_init
    main.o(.text.main) refers to at32f403a_407_wk_config.o(.text.wk_tmr2_init) for wk_tmr2_init
    main.o(.text.main) refers to at32f403a_407_wk_config.o(.text.wk_tmr7_init) for wk_tmr7_init
    main.o(.text.main) refers to at32f403a_407_wk_config.o(.text.wk_dac_init) for wk_dac_init
    main.o(.text.main) refers to at32f403a_407_wk_config.o(.text.wk_wdt_init) for wk_wdt_init
    main.o(.text.main) refers to at32f403a_407_wk_config.o(.text.wk_gpio_config) for wk_gpio_config
    main.o(.text.main) refers to system.o(.text.DWT_DelayInit) for DWT_DelayInit
    main.o(.text.main) refers to system.o(.text.test_process) for test_process
    main.o(.ARM.exidx.text.main) refers to main.o(.text.main) for [Anonymous Symbol]
    at32f403a_407_wk_config.o(.text.wk_system_clock_config) refers to at32f403a_407_crm.o(.text.crm_reset) for crm_reset
    at32f403a_407_wk_config.o(.text.wk_system_clock_config) refers to at32f403a_407_crm.o(.text.crm_clock_source_enable) for crm_clock_source_enable
    at32f403a_407_wk_config.o(.text.wk_system_clock_config) refers to at32f403a_407_crm.o(.text.crm_flag_get) for crm_flag_get
    at32f403a_407_wk_config.o(.text.wk_system_clock_config) refers to at32f403a_407_crm.o(.text.crm_hext_stable_wait) for crm_hext_stable_wait
    at32f403a_407_wk_config.o(.text.wk_system_clock_config) refers to at32f403a_407_crm.o(.text.crm_pll_config) for crm_pll_config
    at32f403a_407_wk_config.o(.text.wk_system_clock_config) refers to at32f403a_407_crm.o(.text.crm_ahb_div_set) for crm_ahb_div_set
    at32f403a_407_wk_config.o(.text.wk_system_clock_config) refers to at32f403a_407_crm.o(.text.crm_apb2_div_set) for crm_apb2_div_set
    at32f403a_407_wk_config.o(.text.wk_system_clock_config) refers to at32f403a_407_crm.o(.text.crm_apb1_div_set) for crm_apb1_div_set
    at32f403a_407_wk_config.o(.text.wk_system_clock_config) refers to at32f403a_407_crm.o(.text.crm_auto_step_mode_enable) for crm_auto_step_mode_enable
    at32f403a_407_wk_config.o(.text.wk_system_clock_config) refers to at32f403a_407_crm.o(.text.crm_sysclk_switch) for crm_sysclk_switch
    at32f403a_407_wk_config.o(.text.wk_system_clock_config) refers to at32f403a_407_crm.o(.text.crm_sysclk_switch_status_get) for crm_sysclk_switch_status_get
    at32f403a_407_wk_config.o(.text.wk_system_clock_config) refers to system_at32f403a_407.o(.text.system_core_clock_update) for system_core_clock_update
    at32f403a_407_wk_config.o(.ARM.exidx.text.wk_system_clock_config) refers to at32f403a_407_wk_config.o(.text.wk_system_clock_config) for [Anonymous Symbol]
    at32f403a_407_wk_config.o(.text.wk_periph_clock_config) refers to at32f403a_407_crm.o(.text.crm_periph_clock_enable) for crm_periph_clock_enable
    at32f403a_407_wk_config.o(.ARM.exidx.text.wk_periph_clock_config) refers to at32f403a_407_wk_config.o(.text.wk_periph_clock_config) for [Anonymous Symbol]
    at32f403a_407_wk_config.o(.text.wk_debug_config) refers to at32f403a_407_gpio.o(.text.gpio_pin_remap_config) for gpio_pin_remap_config
    at32f403a_407_wk_config.o(.ARM.exidx.text.wk_debug_config) refers to at32f403a_407_wk_config.o(.text.wk_debug_config) for [Anonymous Symbol]
    at32f403a_407_wk_config.o(.text.wk_nvic_config) refers to at32f403a_407_misc.o(.text.nvic_priority_group_config) for nvic_priority_group_config
    at32f403a_407_wk_config.o(.text.wk_nvic_config) refers to at32f403a_407_misc.o(.text.nvic_irq_enable) for nvic_irq_enable
    at32f403a_407_wk_config.o(.ARM.exidx.text.wk_nvic_config) refers to at32f403a_407_wk_config.o(.text.wk_nvic_config) for [Anonymous Symbol]
    at32f403a_407_wk_config.o(.text.wk_gpio_config) refers to at32f403a_407_gpio.o(.text.gpio_default_para_init) for gpio_default_para_init
    at32f403a_407_wk_config.o(.text.wk_gpio_config) refers to at32f403a_407_gpio.o(.text.gpio_init) for gpio_init
[...]
    ../fplib/dcmpi.s                         0x00000000   Number         0  dcmpi.o ABSOLUTE
    ../fplib/deqf.s                          0x00000000   Number         0  deqf.o ABSOLUTE
    ../fplib/dflt.s                          0x00000000   Number         0  dflt_clz.o ABSOLUTE
    ../fplib/dgeqf.s                         0x00000000   Number         0  dgeqf.o ABSOLUTE
    ../fplib/dleqf.s                         0x00000000   Number         0  dleqf.o ABSOLUTE
    ../fplib/dmul.s                          0x00000000   Number         0  dmul.o ABSOLUTE
    ../fplib/dnaninf.s                       0x00000000   Number         0  dnaninf.o ABSOLUTE
    ../fplib/dretinf.s                       0x00000000   Number         0  dretinf.o ABSOLUTE
    ../fplib/f2d.s                           0x00000000   Number         0  f2d.o ABSOLUTE
    ../fplib/fnaninf.s                       0x00000000   Number         0  fnaninf.o ABSOLUTE
    ../fplib/fpinit.s                        0x00000000   Number         0  fpinit.o ABSOLUTE
    ../fplib/fretinf.s                       0x00000000   Number         0  fretinf.o ABSOLUTE
    ../fplib/usenofp.s                       0x00000000   Number         0  usenofp.o ABSOLUTE
    at32f403a_407_adc.c                      0x00000000   Number         0  at32f403a_407_adc.o ABSOLUTE
    at32f403a_407_crm.c                      0x00000000   Number         0  at32f403a_407_crm.o ABSOLUTE
    at32f403a_407_dac.c                      0x00000000   Number         0  at32f403a_407_dac.o ABSOLUTE
    at32f403a_407_debug.c                    0x00000000   Number         0  at32f403a_407_debug.o ABSOLUTE
    at32f403a_407_dma.c                      0x00000000   Number         0  at32f403a_407_dma.o ABSOLUTE
    at32f403a_407_flash.c                    0x00000000   Number         0  at32f403a_407_flash.o ABSOLUTE
    at32f403a_407_gpio.c                     0x00000000   Number         0  at32f403a_407_gpio.o ABSOLUTE
    at32f403a_407_int.c                      0x00000000   Number         0  at32f403a_407_int.o ABSOLUTE
    at32f403a_407_misc.c                     0x00000000   Number         0  at32f403a_407_misc.o ABSOLUTE
    at32f403a_407_pwc.c                      0x00000000   Number         0  at32f403a_407_pwc.o ABSOLUTE
    at32f403a_407_tmr.c                      0x00000000   Number         0  at32f403a_407_tmr.o ABSOLUTE
    at32f403a_407_wdt.c                      0x00000000   Number         0  at32f403a_407_wdt.o ABSOLUTE
    at32f403a_407_wk_config.c                0x00000000   Number         0  at32f403a_407_wk_config.o ABSOLUTE
    dc.s                                     0x00000000   Number         0  dc.o ABSOLUTE
    main.c                                   0x00000000   Number         0  main.o ABSOLUTE
    mode_0.c                                 0x00000000   Number         0  mode_0.o ABSOLUTE
    mode_1.c                                 0x00000000   Number         0  mode_1.o ABSOLUTE
    mode_3.c                                 0x00000000   Number         0  mode_3.o ABSOLUTE
    mode_4.c                                 0x00000000   Number         0  mode_4.o ABSOLUTE
    mode_5.c                                 0x00000000   Number         0  mode_5.o ABSOLUTE
    mode_6.c                                 0x00000000   Number         0  mode_6.o ABSOLUTE
    startup_at32f403a_407.s                  0x00000000   Number         0  startup_at32f403a_407.o ABSOLUTE
    system.c                                 0x00000000   Number         0  system.o ABSOLUTE
    system_at32f403a_407.c                   0x00000000   Number         0  system_at32f403a_407.o ABSOLUTE
    RESET                                    0x08000000   Section      388  startup_at32f403a_407.o(RESET)
    !!!main                                  0x08000184   Section        8  __main.o(!!!main)
    !!!scatter                               0x0800018c   Section       52  __scatter.o(!!!scatter)
    !!handler_copy                           0x080001c0   Section       26  __scatter_copy.o(!!handler_copy)
    !!handler_zi                             0x080001dc   Section       28  __scatter_zi.o(!!handler_zi)
    .ARM.Collect$$libinit$$00000000          0x080001f8   Section        2  libinit.o(.ARM.Collect$$libinit$$00000000)
    .ARM.Collect$$libinit$$00000001          0x080001fa   Section        4  libinit2.o(.ARM.Collect$$libinit$$00000001)
    .ARM.Collect$$libinit$$00000004          0x080001fe   Section        0  libinit2.o(.ARM.Collect$$libinit$$00000004)
    .ARM.Collect$$libinit$$0000000A          0x080001fe   Section        0  libinit2.o(.ARM.Collect$$libinit$$0000000A)
    .ARM.Collect$$libinit$$0000000C          0x080001fe   Section        0  libinit2.o(.ARM.Collect$$libinit$$0000000C)
    .ARM.Collect$$libinit$$0000000E          0x080001fe   Section        0  libinit2.o(.ARM.Collect$$libinit$$0000000E)
    .ARM.Collect$$libinit$$00000011          0x080001fe   Section        0  libinit2.o(.ARM.Collect$$libinit$$00000011)
    .ARM.Collect$$libinit$$00000013          0x080001fe   Section        0  libinit2.o(.ARM.Collect$$libinit$$00000013)
    .ARM.Collect$$libinit$$00000015          0x080001fe   Section        0  libinit2.o(.ARM.Collect$$libinit$$00000015)
    .ARM.Collect$$libinit$$00000017          0x080001fe   Section        0  libinit2.o(.ARM.Collect$$libinit$$00000017)
    .ARM.Collect$$libinit$$00000019          0x080001fe   Section        0  libinit2.o(.ARM.Collect$$libinit$$00000019)
    .ARM.Collect$$libinit$$0000001B          0x080001fe   Section        0  libinit2.o(.ARM.Collect$$libinit$$0000001B)
    .ARM.Collect$$libinit$$0000001D          0x080001fe   Section        0  libinit2.o(.ARM.Collect$$libinit$$0000001D)
    .ARM.Collect$$libinit$$0000001F          0x080001fe   Section        0  libinit2.o(.ARM.Collect$$libinit$$0000001F)
    .ARM.Collect$$libinit$$00000021          0x080001fe   Section        0  libinit2.o(.ARM.Collect$$libinit$$00000021)
    .ARM.Collect$$libinit$$00000023          0x080001fe   Section        0  libinit2.o(.ARM.Collect$$libinit$$00000023)
    .ARM.Collect$$libinit$$00000025          0x080001fe   Section        0  libinit2.o(.ARM.Collect$$libinit$$00000025)
    .ARM.Collect$$libinit$$0000002C          0x080001fe   Section        0  libinit2.o(.ARM.Collect$$libinit$$0000002C)
    .ARM.Collect$$libinit$$0000002E          0x080001fe   Section        0  libinit2.o(.ARM.Collect$$libinit$$0000002E)
    .ARM.Collect$$libinit$$00000030          0x080001fe   Section        0  libinit2.o(.ARM.Collect$$libinit$$00000030)
    .ARM.Collect$$libinit$$00000032          0x080001fe   Section        0  libinit2.o(.ARM.Collect$$libinit$$00000032)
    .ARM.Collect$$libinit$$00000033          0x080001fe   Section        2  libinit2.o(.ARM.Collect$$libinit$$00000033)
    .ARM.Collect$$libshutdown$$00000000      0x08000200   Section        2  libshutdown.o(.ARM.Collect$$libshutdown$$00000000)
    .ARM.Collect$$libshutdown$$00000002      0x08000202   Section        0  libshutdown2.o(.ARM.Collect$$libshutdown$$00000002)
    .ARM.Collect$$libshutdown$$00000004      0x08000202   Section        0  libshutdown2.o(.ARM.Collect$$libshutdown$$00000004)
    .ARM.Collect$$libshutdown$$00000007      0x08000202   Section        0  libshutdown2.o(.ARM.Collect$$libshutdown$$00000007)
    .ARM.Collect$$libshutdown$$0000000A      0x08000202   Section        0  libshutdown2.o(.ARM.Collect$$libshutdown$$0000000A)
    .ARM.Collect$$libshutdown$$0000000C      0x08000202   Section        0  libshutdown2.o(.ARM.Collect$$libshutdown$$0000000C)
    .ARM.Collect$$libshutdown$$0000000F      0x08000202   Section        0  libshutdown2.o(.ARM.Collect$$libshutdown$$0000000F)
    .ARM.Collect$$libshutdown$$00000010      0x08000202   Section        2  libshutdown2.o(.ARM.Collect$$libshutdown$$00000010)
    .ARM.Collect$$rtentry$$00000000          0x08000204   Section        0  __rtentry.o(.ARM.Collect$$rtentry$$00000000)
    .ARM.Collect$$rtentry$$00000002          0x08000204   Section        0  __rtentry2.o(.ARM.Collect$$rtentry$$00000002)
    .ARM.Collect$$rtentry$$00000004          0x08000204   Section        6  __rtentry4.o(.ARM.Collect$$rtentry$$00000004)
    .ARM.Collect$$rtentry$$00000009          0x0800020a   Section        0  __rtentry2.o(.ARM.Collect$$rtentry$$00000009)
    .ARM.Collect$$rtentry$$0000000A          0x0800020a   Section        4  __rtentry2.o(.ARM.Collect$$rtentry$$0000000A)
    .ARM.Collect$$rtentry$$0000000C          0x0800020e   Section        0  __rtentry2.o(.ARM.Collect$$rtentry$$0000000C)
    .ARM.Collect$$rtentry$$0000000D          0x0800020e   Section        8  __rtentry2.o(.ARM.Collect$$rtentry$$0000000D)
    .ARM.Collect$$rtexit$$00000000           0x08000216   Section        2  rtexit.o(.ARM.Collect$$rtexit$$00000000)
    .ARM.Collect$$rtexit$$00000002           0x08000218   Section        0  rtexit2.o(.ARM.Collect$$rtexit$$00000002)
    .ARM.Collect$$rtexit$$00000003           0x08000218   Section        4  rtexit2.o(.ARM.Collect$$rtexit$$00000003)
    .ARM.Collect$$rtexit$$00000004           0x0800021c   Section        6  rtexit2.o(.ARM.Collect$$rtexit$$00000004)
    $v0                                      0x08000224   Number         0  startup_at32f403a_407.o(.text)
    .text                                    0x08000224   Section       64  startup_at32f403a_407.o(.text)
    .text                                    0x08000264   Section        0  heapauxi.o(.text)
    .text                                    0x0800026a   Section       74  sys_stackheap_outer.o(.text)
    .text                                    0x080002b4   Section        0  exit.o(.text)
    .text                                    0x080002c8   Section        8  libspace.o(.text)
    .text                                    0x080002d0   Section        0  sys_exit.o(.text)
    .text                                    0x080002dc   Section        2  use_no_semi.o(.text)
    .text                                    0x080002de   Section        0  indicate_semi.o(.text)
    [Anonymous Symbol]                       0x080002e0   Section        0  at32f403a_407_int.o(.text.BusFault_Handler)
    [Anonymous Symbol]                       0x080002e4   Section        0  system.o(.text.DWT_DelayInit)
    [Anonymous Symbol]                       0x08000320   Section        0  system.o(.text.DWT_DelayMs)
    [Anonymous Symbol]                       0x0800033c   Section        0  system.o(.text.DWT_DelayUs)
    [Anonymous Symbol]                       0x08000370   Section        0  at32f403a_407_int.o(.text.DebugMon_Handler)
    [Anonymous Symbol]                       0x08000374   Section        0  at32f403a_407_int.o(.text.HardFault_Handler)
    [Anonymous Symbol]                       0x08000378   Section        0  at32f403a_407_int.o(.text.MemManage_Handler)
    [Anonymous Symbol]                       0x0800037c   Section        0  at32f403a_407_int.o(.text.NMI_Handler)
    NVIC_EncodePriority                      0x08000381   Thumb Code    44  at32f403a_407_misc.o(.text.NVIC_EncodePriority)
    [Anonymous Symbol]                       0x08000380   Section        0  at32f403a_407_misc.o(.text.NVIC_EncodePriority)
    [Anonymous Symbol]                       0x080003ac   Section        0  at32f403a_407_int.o(.text.PendSV_Handler)
    [Anonymous Symbol]                       0x080003b0   Section        0  at32f403a_407_int.o(.text.SVC_Handler)
    [Anonymous Symbol]                       0x080003b4   Section        0  system_at32f403a_407.o(.text.SystemInit)
    [Anonymous Symbol]                       0x08000410   Section        0  system.o(.text.TMR7_GLOBAL_IRQHandler)
    [Anonymous Symbol]                       0x08000430   Section        0  at32f403a_407_int.o(.text.UsageFault_Handler)
    __NVIC_EnableIRQ                         0x08000435   Thumb Code    32  at32f403a_407_misc.o(.text.__NVIC_EnableIRQ)
    [Anonymous Symbol]                       0x08000434   Section        0  at32f403a_407_misc.o(.text.__NVIC_EnableIRQ)
    __NVIC_GetPriorityGrouping               0x08000455   Thumb Code    16  at32f403a_407_misc.o(.text.__NVIC_GetPriorityGrouping)
    [Anonymous Symbol]                       0x08000454   Section        0  at32f403a_407_misc.o(.text.__NVIC_GetPriorityGrouping)
    __NVIC_SetPriority                       0x08000465   Thumb Code    34  at32f403a_407_misc.o(.text.__NVIC_SetPriority)
    [Anonymous Symbol]                       0x08000464   Section        0  at32f403a_407_misc.o(.text.__NVIC_SetPriority)
    __NVIC_SetPriorityGrouping               0x08000489   Thumb Code    32  at32f403a_407_misc.o(.text.__NVIC_SetPriorityGrouping)
    [Anonymous Symbol]                       0x08000488   Section        0  at32f403a_407_misc.o(.text.__NVIC_SetPriorityGrouping)
    [Anonymous Symbol]                       0x080004a8   Section        0  at32f403a_407_adc.o(.text.adc_base_config)
    [Anonymous Symbol]                       0x080004ec   Section        0  at32f403a_407_adc.o(.text.adc_base_default_para_init)
    [Anonymous Symbol]                       0x080004f4   Section        0  at32f403a_407_adc.o(.text.adc_calibration_init)
    [Anonymous Symbol]                       0x08000500   Section        0  at32f403a_407_adc.o(.text.adc_calibration_init_status_get)
    [Anonymous Symbol]                       0x08000508   Section        0  at32f403a_407_adc.o(.text.adc_calibration_start)
    [Anonymous Symbol]                       0x08000514   Section        0  at32f403a_407_adc.o(.text.adc_calibration_status_get)
    [Anonymous Symbol]                       0x0800051c   Section        0  at32f403a_407_adc.o(.text.adc_combine_mode_select)
    [Anonymous Symbol]                       0x08000538   Section        0  at32f403a_407_adc.o(.text.adc_dma_mode_enable)
    [Anonymous Symbol]                       0x0800054c   Section        0  at32f403a_407_adc.o(.text.adc_enable)
    [Anonymous Symbol]                       0x08000558   Section        0  at32f403a_407_adc.o(.text.adc_ordinary_channel_set)
    [Anonymous Symbol]                       0x080005bc   Section        0  at32f403a_407_adc.o(.text.adc_ordinary_conversion_trigger_set)
    [Anonymous Symbol]                       0x080005e8   Section        0  at32f403a_407_adc.o(.text.adc_ordinary_part_mode_enable)
    [Anonymous Symbol]                       0x080005fc   Section        0  at32f403a_407_adc.o(.text.adc_ordinary_software_trigger_enable)
    [Anonymous Symbol]                       0x08000610   Section        0  mode_5.o(.text.clear)
    [Anonymous Symbol]                       0x0800061c   Section        0  mode_5.o(.text.compare)
    [Anonymous Symbol]                       0x0800064c   Section        0  at32f403a_407_crm.o(.text.crm_adc_clock_div_set)
    [Anonymous Symbol]                       0x0800066c   Section        0  at32f403a_407_crm.o(.text.crm_ahb_div_set)
    [Anonymous Symbol]                       0x08000688   Section        0  at32f403a_407_crm.o(.text.crm_apb1_div_set)
    [Anonymous Symbol]                       0x080006a4   Section        0  at32f403a_407_crm.o(.text.crm_apb2_div_set)
    [Anonymous Symbol]                       0x080006c0   Section        0  at32f403a_407_crm.o(.text.crm_auto_step_mode_enable)
    [Anonymous Symbol]                       0x080006d8   Section        0  at32f403a_407_crm.o(.text.crm_clock_source_enable)
    [Anonymous Symbol]                       0x08000754   Section        0  at32f403a_407_crm.o(.text.crm_flag_get)
    [Anonymous Symbol]                       0x08000770   Section        0  at32f403a_407_crm.o(.text.crm_hext_stable_wait)
    [Anonymous Symbol]                       0x08000798   Section        0  at32f403a_407_crm.o(.text.crm_periph_clock_enable)
    [Anonymous Symbol]                       0x080007c0   Section        0  at32f403a_407_crm.o(.text.crm_pll_config)
    [Anonymous Symbol]                       0x08000830   Section        0  at32f403a_407_crm.o(.text.crm_reset)
    [Anonymous Symbol]                       0x08000874   Section        0  at32f403a_407_crm.o(.text.crm_sysclk_switch)
    [Anonymous Symbol]                       0x080008b0   Section        0  at32f403a_407_crm.o(.text.crm_sysclk_switch_status_get)
    [Anonymous Symbol]                       0x080008c0   Section        0  at32f403a_407_dac.o(.text.dac_enable)
    [Anonymous Symbol]                       0x080008f0   Section        0  at32f403a_407_dac.o(.text.dac_output_buffer_enable)
    [Anonymous Symbol]                       0x08000924   Section        0  at32f403a_407_dac.o(.text.dac_trigger_enable)
    [Anonymous Symbol]                       0x08000958   Section        0  at32f403a_407_dma.o(.text.dma_channel_enable)
    [Anonymous Symbol]                       0x08000964   Section        0  at32f403a_407_dma.o(.text.dma_default_para_init)
    [Anonymous Symbol]                       0x08000974   Section        0  at32f403a_407_dma.o(.text.dma_flag_clear)
    [Anonymous Symbol]                       0x0800098c   Section        0  at32f403a_407_dma.o(.text.dma_flag_get)
    [Anonymous Symbol]                       0x080009a8   Section        0  at32f403a_407_dma.o(.text.dma_flexible_config)
    [Anonymous Symbol]                       0x08000a34   Section        0  at32f403a_407_dma.o(.text.dma_init)
    [Anonymous Symbol]                       0x08000ab0   Section        0  at32f403a_407_dma.o(.text.dma_reset)
    [Anonymous Symbol]                       0x08000b0c   Section        0  at32f403a_407_gpio.o(.text.gpio_bits_reset)
    [Anonymous Symbol]                       0x08000b10   Section        0  at32f403a_407_gpio.o(.text.gpio_default_para_init)
    [Anonymous Symbol]                       0x08000b24   Section        0  at32f403a_407_gpio.o(.text.gpio_init)
    [Anonymous Symbol]                       0x08000be4   Section        0  at32f403a_407_gpio.o(.text.gpio_pin_remap_config)
    hall_test                                0x08000c29   Thumb Code    44  mode_1.o(.text.hall_test)
    [Anonymous Symbol]                       0x08000c28   Section        0  mode_1.o(.text.hall_test)
    hall_test                                0x08000c55   Thumb Code    36  mode_4.o(.text.hall_test)
    [Anonymous Symbol]                       0x08000c54   Section        0  mode_4.o(.text.hall_test)
    hall_test                                0x08000c79   Thumb Code    30  mode_6.o(.text.hall_test)
    [Anonymous Symbol]                       0x08000c78   Section        0  mode_6.o(.text.hall_test)
    [Anonymous Symbol]                       0x08000c98   Section        0  main.o(.text.main)
    [Anonymous Symbol]                       0x08000cf4   Section        0  mode_0.o(.text.mode_0_process)
    [Anonymous Symbol]                       0x08000d5c   Section        0  mode_1.o(.text.mode_1_process)
    [Anonymous Symbol]                       0x08000dc8   Section        0  mode_3.o(.text.mode_3_process)
    [Anonymous Symbol]                       0x08000ea8   Section        0  mode_4.o(.text.mode_4_process)
    [Anonymous Symbol]                       0x08000eb0   Section        0  mode_5.o(.text.mode_5_process)
    [Anonymous Symbol]                       0x08000f10   Section        0  mode_6.o(.text.mode_6_process)
    [Anonymous Symbol]                       0x08000f18   Section        0  at32f403a_407_misc.o(.text.nvic_irq_enable)
    [Anonymous Symbol]                       0x08000f3c   Section        0  at32f403a_407_misc.o(.text.nvic_priority_group_config)
    [Anonymous Symbol]                       0x08000f48   Section        0  mode_3.o(.text.read_pump)
    [Anonymous Symbol]                       0x08000fc0   Section        0  system_at32f403a_407.o(.text.system_core_clock_update)
    system_core_clock_update.sys_ahb_div_table 0x08001060   Number         0  system_at32f403a_407.o(.text.system_core_clock_update)
    [Anonymous Symbol]                       0x08001070   Section        0  mode_0.o(.text.test_pd)
    [Anonymous Symbol]                       0x08001108   Section        0  system.o(.text.test_process)
    [Anonymous Symbol]                       0x08001160   Section        0  mode_0.o(.text.test_z_limit)
    [Anonymous Symbol]                       0x08001198   Section        0  at32f403a_407_tmr.o(.text.tmr_32_bit_function_enable)
    [Anonymous Symbol]                       0x080011c0   Section        0  at32f403a_407_tmr.o(.text.tmr_base_init)
    [Anonymous Symbol]                       0x080011d0   Section        0  at32f403a_407_tmr.o(.text.tmr_brkdt_config)
    [Anonymous Symbol]                       0x0800124c   Section        0  at32f403a_407_tmr.o(.text.tmr_channel_value_set)
    [Anonymous Symbol]                       0x08001270   Section        0  at32f403a_407_tmr.o(.text.tmr_clock_source_div_set)
    [Anonymous Symbol]                       0x08001284   Section        0  at32f403a_407_tmr.o(.text.tmr_cnt_dir_set)
    [Anonymous Symbol]                       0x08001298   Section        0  at32f403a_407_tmr.o(.text.tmr_counter_enable)
    [Anonymous Symbol]                       0x080012a4   Section        0  at32f403a_407_tmr.o(.text.tmr_encoder_mode_config)
    [Anonymous Symbol]                       0x080012ec   Section        0  at32f403a_407_tmr.o(.text.tmr_input_channel_init)
    [Anonymous Symbol]                       0x080014a0   Section        0  at32f403a_407_tmr.o(.text.tmr_output_channel_buffer_enable)
    [Anonymous Symbol]                       0x080014e4   Section        0  at32f403a_407_tmr.o(.text.tmr_output_channel_config)
    [Anonymous Symbol]                       0x080015e4   Section        0  at32f403a_407_tmr.o(.text.tmr_output_enable)
    [Anonymous Symbol]                       0x080015f8   Section        0  at32f403a_407_tmr.o(.text.tmr_period_buffer_enable)
    [Anonymous Symbol]                       0x0800160c   Section        0  at32f403a_407_tmr.o(.text.tmr_primary_mode_select)
    [Anonymous Symbol]                       0x08001620   Section        0  at32f403a_407_tmr.o(.text.tmr_repetition_counter_set)
    [Anonymous Symbol]                       0x0800162c   Section        0  at32f403a_407_tmr.o(.text.tmr_sub_sync_mode_set)
    [Anonymous Symbol]                       0x08001640   Section        0  at32f403a_407_wdt.o(.text.wdt_counter_reload)
    [Anonymous Symbol]                       0x08001650   Section        0  at32f403a_407_wdt.o(.text.wdt_divider_set)
    [Anonymous Symbol]                       0x08001664   Section        0  at32f403a_407_wdt.o(.text.wdt_register_write_enable)
    [Anonymous Symbol]                       0x08001678   Section        0  at32f403a_407_wdt.o(.text.wdt_reload_value_set)
    [Anonymous Symbol]                       0x08001684   Section        0  at32f403a_407_wk_config.o(.text.wk_adc1_init)
    [Anonymous Symbol]                       0x0800173c   Section        0  at32f403a_407_wk_config.o(.text.wk_dac_init)
    [Anonymous Symbol]                       0x08001780   Section        0  at32f403a_407_wk_config.o(.text.wk_debug_config)
    [Anonymous Symbol]                       0x08001794   Section        0  at32f403a_407_wk_config.o(.text.wk_dma1_channel1_init)
    [Anonymous Symbol]                       0x080017dc   Section        0  at32f403a_407_wk_config.o(.text.wk_dma_channel_config)
    [Anonymous Symbol]                       0x080017e4   Section        0  at32f403a_407_wk_config.o(.text.wk_gpio_config)
    [Anonymous Symbol]                       0x080018c0   Section        0  at32f403a_407_wk_config.o(.text.wk_nvic_config)
    [Anonymous Symbol]                       0x080018d4   Section        0  at32f403a_407_wk_config.o(.text.wk_periph_clock_config)
    [Anonymous Symbol]                       0x0800195c   Section        0  at32f403a_407_wk_config.o(.text.wk_system_clock_config)
    [Anonymous Symbol]                       0x080019ec   Section        0  at32f403a_407_wk_config.o(.text.wk_tmr1_init)
    [Anonymous Symbol]                       0x08001ab8   Section        0  at32f403a_407_wk_config.o(.text.wk_tmr2_init)
    [Anonymous Symbol]                       0x08001b98   Section        0  at32f403a_407_wk_config.o(.text.wk_tmr7_init)
    [Anonymous Symbol]                       0x08001bd0   Section        0  at32f403a_407_wk_config.o(.text.wk_wdt_init)
    $v0                                      0x08001bec   Number         0  d2f.o(x$fpl$d2f)
    x$fpl$d2f                                0x08001bec   Section       98  d2f.o(x$fpl$d2f)
    $v0                                      0x08001c4e   Number         0  dcmpi.o(x$fpl$dcmpinf)
    x$fpl$dcmpinf                            0x08001c4e   Section       24  dcmpi.o(x$fpl$dcmpinf)
    $v0                                      0x08001c68   Number         0  deqf.o(x$fpl$deqf)
    x$fpl$deqf                               0x08001c68   Section      120  deqf.o(x$fpl$deqf)
    $v0                                      0x08001ce0   Number         0  dflt_clz.o(x$fpl$dfltu)
    x$fpl$dfltu                              0x08001ce0   Section       38  dflt_clz.o(x$fpl$dfltu)
    $v0                                      0x08001d08   Number         0  dgeqf.o(x$fpl$dgeqf)
    x$fpl$dgeqf                              0x08001d08   Section      120  dgeqf.o(x$fpl$dgeqf)
    $v0                                      0x08001d80   Number         0  dleqf.o(x$fpl$dleqf)
    x$fpl$dleqf                              0x08001d80   Section      120  dleqf.o(x$fpl$dleqf)
    $v0                                      0x08001df8   Number         0  dmul.o(x$fpl$dmul)
    x$fpl$dmul                               0x08001df8   Section      340  dmul.o(x$fpl$dmul)
    $v0                                      0x08001f4c   Number         0  dnaninf.o(x$fpl$dnaninf)
    x$fpl$dnaninf                            0x08001f4c   Section      156  dnaninf.o(x$fpl$dnaninf)
    $v0                                      0x08001fe8   Number         0  dretinf.o(x$fpl$dretinf)
    x$fpl$dretinf                            0x08001fe8   Section       12  dretinf.o(x$fpl$dretinf)
    $v0                                      0x08001ff4   Number         0  f2d.o(x$fpl$f2d)
    x$fpl$f2d                                0x08001ff4   Section       86  f2d.o(x$fpl$f2d)
    $v0                                      0x0800204a   Number         0  dcmp.o(x$fpl$fcmp)
    x$fpl$fcmp                               0x0800204a   Section       84  dcmp.o(x$fpl$fcmp)
    $v0                                      0x0800209e   Number         0  fnaninf.o(x$fpl$fnaninf)
    x$fpl$fnaninf                            0x0800209e   Section      140  fnaninf.o(x$fpl$fnaninf)
    $v0                                      0x0800212a   Number         0  fpinit.o(x$fpl$fpinit)
    x$fpl$fpinit                             0x0800212a   Section       26  fpinit.o(x$fpl$fpinit)
    $v0                                      0x08002144   Number         0  fretinf.o(x$fpl$fretinf)
    x$fpl$fretinf                            0x08002144   Section       10  fretinf.o(x$fpl$fretinf)
    x$fpl$usenofp                            0x0800214e   Section        0  usenofp.o(x$fpl$usenofp)
    .bss                                     0x20000008   Section       96  libspace.o(.bss)
    SystemCoreClockFreq                      0x20000068   Data           4  system.o(.bss.SystemCoreClockFreq)
    [Anonymous Symbol]                       0x20000068   Section        0  system.o(.bss.SystemCoreClockFreq)
    adc_values                               0x2000006c   Data           6  mode_0.o(.bss.adc_values)
    [Anonymous Symbol]                       0x2000006c   Section        0  mode_0.o(.bss.adc_values)
    adc_values                               0x20000072   Data           6  mode_3.o(.bss.adc_values)
    [Anonymous Symbol]                       0x20000072   Section        0  mode_3.o(.bss.adc_values)
    Heap_Mem                                 0x20000080   Data         512  startup_at32f403a_407.o(HEAP)
    HEAP                                     0x20000080   Section      512  startup_at32f403a_407.o(HEAP)
    Stack_Mem                                0x20000280   Data        1024  startup_at32f403a_407.o(STACK)
    STACK                                    0x20000280   Section     1024  startup_at32f403a_407.o(STACK)
    __initial_sp                             0x20000680   Data           0  startup_at32f403a_407.o(STACK)

    Global Symbols

    Symbol Name                              Value     Ov Type        Size  Object(Section)

    BuildAttributes$$THM_ISAv4$E$P$D$K$B$S$7EM$VFPi3$EXTD16$VFPS$VFMA$PE$A:L22UL41UL21$X:L11$S22US41US21$IEEE1$IW$~IW$USESV6$~STKCKD$USESV7$~SHL$OTIME$ROPI$EBA8$UX$STANDARDLIB$REQ8$PRES8$EABIv2 0x00000000   Number         0  anon$$obj.o ABSOLUTE
    __ARM_exceptions_init                     - Undefined Weak Reference
    __alloca_initialize                       - Undefined Weak Reference
    __arm_preinit_                            - Undefined Weak Reference
    __cpp_initialize__aeabi_                  - Undefined Weak Reference
    __cxa_finalize                            - Undefined Weak Reference
    __rt_locale                               - Undefined Weak Reference
    __sigvec_lookup                           - Undefined Weak Reference
    _atexit_init                              - Undefined Weak Reference
    _call_atexit_fns                          - Undefined Weak Reference
    _clock_init                               - Undefined Weak Reference
    _fp_trap_init                             - Undefined Weak Reference
    _fp_trap_shutdown                         - Undefined Weak Reference
    _get_lc_collate                           - Undefined Weak Reference
    _get_lc_ctype                             - Undefined Weak Reference
    _get_lc_monetary                          - Undefined Weak Reference
    _get_lc_numeric                           - Undefined Weak Reference
    _get_lc_time                              - Undefined Weak Reference
    _getenv_init                              - Undefined Weak Reference
    _handle_redirection                       - Undefined Weak Reference
    _init_alloc                               - Undefined Weak Reference
    _init_user_alloc                          - Undefined Weak Reference
    _initio                                   - Undefined Weak Reference
    _rand_init                                - Undefined Weak Reference
    _signal_finish                            - Undefined Weak Reference
    _signal_init                              - Undefined Weak Reference
    _terminate_alloc                          - Undefined Weak Reference
    _terminate_user_alloc                     - Undefined Weak Reference
    _terminateio                              - Undefined Weak Reference
    __Vectors_Size                           0x00000184   Number         0  startup_at32f403a_407.o ABSOLUTE
    __Vectors                                0x08000000   Data           4  startup_at32f403a_407.o(RESET)
    __Vectors_End                            0x08000184   Data           0  startup_at32f403a_407.o(RESET)
    __main                                   0x08000185   Thumb Code     8  __main.o(!!!main)
    __scatterload                            0x0800018d   Thumb Code     0  __scatter.o(!!!scatter)
    __scatterload_rt2                        0x0800018d   Thumb Code    44  __scatter.o(!!!scatter)
    __scatterload_rt2_thumb_only             0x0800018d   Thumb Code     0  __scatter.o(!!!scatter)
    __scatterload_null                       0x0800019b   Thumb Code     0  __scatter.o(!!!scatter)
    __scatterload_copy                       0x080001c1   Thumb Code    26  __scatter_copy.o(!!handler_copy)
    __scatterload_zeroinit                   0x080001dd   Thumb Code    28  __scatter_zi.o(!!handler_zi)
    __rt_lib_init                            0x080001f9   Thumb Code     0  libinit.o(.ARM.Collect$$libinit$$00000000)
    __rt_lib_init_fp_1                       0x080001fb   Thumb Code     0  libinit2.o(.ARM.Collect$$libinit$$00000001)
    __rt_lib_init_alloca_1                   0x080001ff   Thumb Code     0  libinit2.o(.ARM.Collect$$libinit$$0000002E)
    __rt_lib_init_argv_1                     0x080001ff   Thumb Code     0  libinit2.o(.ARM.Collect$$libinit$$0000002C)
    __rt_lib_init_atexit_1                   0x080001ff   Thumb Code     0  libinit2.o(.ARM.Collect$$libinit$$0000001B)
    __rt_lib_init_clock_1                    0x080001ff   Thumb Code     0  libinit2.o(.ARM.Collect$$libinit$$00000021)
    __rt_lib_init_cpp_1                      0x080001ff   Thumb Code     0  libinit2.o(.ARM.Collect$$libinit$$00000032)
    __rt_lib_init_exceptions_1               0x080001ff   Thumb Code     0  libinit2.o(.ARM.Collect$$libinit$$00000030)
    __rt_lib_init_fp_trap_1                  0x080001ff   Thumb Code     0  libinit2.o(.ARM.Collect$$libinit$$0000001F)
    __rt_lib_init_getenv_1                   0x080001ff   Thumb Code     0  libinit2.o(.ARM.Collect$$libinit$$00000023)
    __rt_lib_init_heap_1                     0x080001ff   Thumb Code     0  libinit2.o(.ARM.Collect$$libinit$$0000000A)
    __rt_lib_init_lc_collate_1               0x080001ff   Thumb Code     0  libinit2.o(.ARM.Collect$$libinit$$00000011)
    __rt_lib_init_lc_ctype_1                 0x080001ff   Thumb Code     0  libinit2.o(.ARM.Collect$$libinit$$00000013)
    __rt_lib_init_lc_monetary_1              0x080001ff   Thumb Code     0  libinit2.o(.ARM.Collect$$libinit$$00000015)
    __rt_lib_init_lc_numeric_1               0x080001ff   Thumb Code     0  libinit2.o(.ARM.Collect$$libinit$$00000017)
    __rt_lib_init_lc_time_1                  0x080001ff   Thumb Code     0  libinit2.o(.ARM.Collect$$libinit$$00000019)
    __rt_lib_init_preinit_1                  0x080001ff   Thumb Code     0  libinit2.o(.ARM.Collect$$libinit$$00000004)
    __rt_lib_init_rand_1                     0x080001ff   Thumb Code     0  libinit2.o(.ARM.Collect$$libinit$$0000000E)
    __rt_lib_init_return                     0x080001ff   Thumb Code     0  libinit2.o(.ARM.Collect$$libinit$$00000033)
    __rt_lib_init_signal_1                   0x080001ff   Thumb Code     0  libinit2.o(.ARM.Collect$$libinit$$0000001D)
    __rt_lib_init_stdio_1                    0x080001ff   Thumb Code     0  libinit2.o(.ARM.Collect$$libinit$$00000025)
    __rt_lib_init_user_alloc_1               0x080001ff   Thumb Code     0  libinit2.o(.ARM.Collect$$libinit$$0000000C)
    __rt_lib_shutdown                        0x08000201   Thumb Code     0  libshutdown.o(.ARM.Collect$$libshutdown$$00000000)
    __rt_lib_shutdown_cpp_1                  0x08000203   Thumb Code     0  libshutdown2.o(.ARM.Collect$$libshutdown$$00000002)
    __rt_lib_shutdown_fp_trap_1              0x08000203   Thumb Code     0  libshutdown2.o(.ARM.Collect$$libshutdown$$00000007)
    __rt_lib_shutdown_heap_1                 0x08000203   Thumb Code     0  libshutdown2.o(.ARM.Collect$$libshutdown$$0000000F)
    __rt_lib_shutdown_return                 0x08000203   Thumb Code     0  libshutdown2.o(.ARM.Collect$$libshutdown$$00000010)
    __rt_lib_shutdown_signal_1               0x08000203   Thumb Code     0  libshutdown2.o(.ARM.Collect$$libshutdown$$0000000A)
    __rt_lib_shutdown_stdio_1                0x08000203   Thumb Code     0  libshutdown2.o(.ARM.Collect$$libshutdown$$00000004)
    __rt_lib_shutdown_user_alloc_1           0x08000203   Thumb Code     0  libshutdown2.o(.ARM.Collect$$libshutdown$$0000000C)
    __rt_entry                               0x08000205   Thumb Code     0  __rtentry.o(.ARM.Collect$$rtentry$$00000000)
    __rt_entry_presh_1                       0x08000205   Thumb Code     0  __rtentry2.o(.ARM.Collect$$rtentry$$00000002)
    __rt_entry_sh                            0x08000205   Thumb Code     0  __rtentry4.o(.ARM.Collect$$rtentry$$00000004)
    __rt_entry_li                            0x0800020b   Thumb Code     0  __rtentry2.o(.ARM.Collect$$rtentry$$0000000A)
    __rt_entry_postsh_1                      0x0800020b   Thumb Code     0  __rtentry2.o(.ARM.Collect$$rtentry$$00000009)
    __rt_entry_main                          0x0800020f   Thumb Code     0  __rtentry2.o(.ARM.Collect$$rtentry$$0000000D)
    __rt_entry_postli_1                      0x0800020f   Thumb Code     0  __rtentry2.o(.ARM.Collect$$rtentry$$0000000C)
    __rt_exit                                0x08000217   Thumb Code     0  rtexit.o(.ARM.Collect$$rtexit$$00000000)
    __rt_exit_ls                             0x08000219   Thumb Code     0  rtexit2.o(.ARM.Collect$$rtexit$$00000003)
    __rt_exit_prels_1                        0x08000219   Thumb Code     0  rtexit2.o(.ARM.Collect$$rtexit$$00000002)
    __rt_exit_exit                           0x0800021d   Thumb Code     0  rtexit2.o(.ARM.Collect$$rtexit$$00000004)
    Reset_Handler                            0x08000225   Thumb Code     8  startup_at32f403a_407.o(.text)
    SysTick_Handler                          0x0800023d   Thumb Code     2  startup_at32f403a_407.o(.text)
    ACC_IRQHandler                           0x0800023f   Thumb Code     0  startup_at32f403a_407.o(.text)
    ADC1_2_IRQHandler                        0x0800023f   Thumb Code     0  startup_at32f403a_407.o(.text)
    ADC3_IRQHandler                          0x0800023f   Thumb Code     0  startup_at32f403a_407.o(.text)
    CAN1_RX1_IRQHandler                      0x0800023f   Thumb Code     0  startup_at32f403a_407.o(.text)
    CAN1_SE_IRQHandler                       0x0800023f   Thumb Code     0  startup_at32f403a_407.o(.text)
    CAN2_RX0_IRQHandler                      0x0800023f   Thumb Code     0  startup_at32f403a_407.o(.text)
    CAN2_RX1_IRQHandler                      0x0800023f   Thumb Code     0  startup_at32f403a_407.o(.text)
    CAN2_SE_IRQHandler                       0x0800023f   Thumb Code     0  startup_at32f403a_407.o(.text)
    CAN2_TX_IRQHandler                       0x0800023f   Thumb Code     0  startup_at32f403a_407.o(.text)
    CRM_IRQHandler                           0x0800023f   Thumb Code     0  startup_at32f403a_407.o(.text)
    DMA1_Channel1_IRQHandler                 0x0800023f   Thumb Code     0  startup_at32f403a_407.o(.text)
    DMA1_Channel2_IRQHandler                 0x0800023f   Thumb Code     0  startup_at32f403a_407.o(.text)
    DMA1_Channel3_IRQHandler                 0x0800023f   Thumb Code     0  startup_at32f403a_407.o(.text)
    DMA1_Channel4_IRQHandler                 0x0800023f   Thumb Code     0  startup_at32f403a_407.o(.text)
    DMA1_Channel5_IRQHandler                 0x0800023f   Thumb Code     0  startup_at32f403a_407.o(.text)
    DMA1_Channel6_IRQHandler                 0x0800023f   Thumb Code     0  startup_at32f403a_407.o(.text)
    DMA1_Channel7_IRQHandler                 0x0800023f   Thumb Code     0  startup_at32f403a_407.o(.text)
    DMA2_Channel1_IRQHandler                 0x0800023f   Thumb Code     0  startup_at32f403a_407.o(.text)
    DMA2_Channel2_IRQHandler                 0x0800023f   Thumb Code     0  startup_at32f403a_407.o(.text)
    DMA2_Channel3_IRQHandler                 0x0800023f   Thumb Code     0  startup_at32f403a_407.o(.text)
    DMA2_Channel4_5_IRQHandler               0x0800023f   Thumb Code     0  startup_at32f403a_407.o(.text)
    DMA2_Channel6_7_IRQHandler               0x0800023f   Thumb Code     0  startup_at32f403a_407.o(.text)
    EMAC_IRQHandler                          0x0800023f   Thumb Code     0  startup_at32f403a_407.o(.text)
    EMAC_WKUP_IRQHandler                     0x0800023f   Thumb Code     0  startup_at32f403a_407.o(.text)
    EXINT0_IRQHandler                        0x0800023f   Thumb Code     0  startup_at32f403a_407.o(.text)
    EXINT15_10_IRQHandler                    0x0800023f   Thumb Code     0  startup_at32f403a_407.o(.text)
    EXINT1_IRQHandler                        0x0800023f   Thumb Code     0  startup_at32f403a_407.o(.text)
    EXINT2_IRQHandler                        0x0800023f   Thumb Code     0  startup_at32f403a_407.o(.text)
    EXINT3_IRQHandler                        0x0800023f   Thumb Code     0  startup_at32f403a_407.o(.text)
    EXINT4_IRQHandler                        0x0800023f   Thumb Code     0  startup_at32f403a_407.o(.text)
    EXINT9_5_IRQHandler                      0x0800023f   Thumb Code     0  startup_at32f403a_407.o(.text)
    FLASH_IRQHandler                         0x0800023f   Thumb Code     0  startup_at32f403a_407.o(.text)
    I2C1_ERR_IRQHandler                      0x0800023f   Thumb Code     0  startup_at32f403a_407.o(.text)
    I2C1_EVT_IRQHandler                      0x0800023f   Thumb Code     0  startup_at32f403a_407.o(.text)
    I2C2_ERR_IRQHandler                      0x0800023f   Thumb Code     0  startup_at32f403a_407.o(.text)
    I2C2_EVT_IRQHandler                      0x0800023f   Thumb Code     0  startup_at32f403a_407.o(.text)
    I2C3_ERR_IRQHandler                      0x0800023f   Thumb Code     0  startup_at32f403a_407.o(.text)
    I2C3_EVT_IRQHandler                      0x0800023f   Thumb Code     0  startup_at32f403a_407.o(.text)
    PVM_IRQHandler                           0x0800023f   Thumb Code     0  startup_at32f403a_407.o(.text)
    RTCAlarm_IRQHandler                      0x0800023f   Thumb Code     0  startup_at32f403a_407.o(.text)
    RTC_IRQHandler                           0x0800023f   Thumb Code     0  startup_at32f403a_407.o(.text)
    SDIO1_IRQHandler                         0x0800023f   Thumb Code     0  startup_at32f403a_407.o(.text)
    SDIO2_IRQHandler                         0x0800023f   Thumb Code     0  startup_at32f403a_407.o(.text)
    SPI1_IRQHandler                          0x0800023f   Thumb Code     0  startup_at32f403a_407.o(.text)
    SPI2_I2S2EXT_IRQHandler                  0x0800023f   Thumb Code     0  startup_at32f403a_407.o(.text)
    SPI3_I2S3EXT_IRQHandler                  0x0800023f   Thumb Code     0  startup_at32f403a_407.o(.text)
    SPI4_IRQHandler                          0x0800023f   Thumb Code     0  startup_at32f403a_407.o(.text)
    TAMPER_IRQHandler                        0x0800023f   Thumb Code     0  startup_at32f403a_407.o(.text)
    TMR1_BRK_TMR9_IRQHandler                 0x0800023f   Thumb Code     0  startup_at32f403a_407.o(.text)
    TMR1_CH_IRQHandler                       0x0800023f   Thumb Code     0  startup_at32f403a_407.o(.text)
    TMR1_OVF_TMR10_IRQHandler                0x0800023f   Thumb Code     0  startup_at32f403a_407.o(.text)
    TMR1_TRG_HALL_TMR11_IRQHandler           0x0800023f   Thumb Code     0  startup_at32f403a_407.o(.text)
    TMR2_GLOBAL_IRQHandler                   0x0800023f   Thumb Code     0  startup_at32f403a_407.o(.text)
    TMR3_GLOBAL_IRQHandler                   0x0800023f   Thumb Code     0  startup_at32f403a_407.o(.text)
    TMR4_GLOBAL_IRQHandler                   0x0800023f   Thumb Code     0  startup_at32f403a_407.o(.text)
    TMR5_GLOBAL_IRQHandler                   0x0800023f   Thumb Code     0  startup_at32f403a_407.o(.text)
    TMR6_GLOBAL_IRQHandler                   0x0800023f   Thumb Code     0  startup_at32f403a_407.o(.text)
    TMR8_BRK_TMR12_IRQHandler                0x0800023f   Thumb Code     0  startup_at32f403a_407.o(.text)
    TMR8_CH_IRQHandler                       0x0800023f   Thumb Code     0  startup_at32f403a_407.o(.text)
    TMR8_OVF_TMR13_IRQHandler                0x0800023f   Thumb Code     0  startup_at32f403a_407.o(.text)
    TMR8_TRG_HALL_TMR14_IRQHandler           0x0800023f   Thumb Code     0  startup_at32f403a_407.o(.text)
    UART4_IRQHandler                         0x0800023f   Thumb Code     0  startup_at32f403a_407.o(.text)
    UART5_IRQHandler                         0x0800023f   Thumb Code     0  startup_at32f403a_407.o(.text)
    UART7_IRQHandler                         0x0800023f   Thumb Code     0  startup_at32f403a_407.o(.text)
    UART8_IRQHandler                         0x0800023f   Thumb Code     0  startup_at32f403a_407.o(.text)
    USART1_IRQHandler                        0x0800023f   Thumb Code     0  startup_at32f403a_407.o(.text)
    USART2_IRQHandler                        0x0800023f   Thumb Code     0  startup_at32f403a_407.o(.text)
    USART3_IRQHandler                        0x0800023f   Thumb Code     0  startup_at32f403a_407.o(.text)
    USART6_IRQHandler                        0x0800023f   Thumb Code     0  startup_at32f403a_407.o(.text)
    USBFSWakeUp_IRQHandler                   0x0800023f   Thumb Code     0  startup_at32f403a_407.o(.text)
    USBFS_H_CAN1_TX_IRQHandler               0x0800023f   Thumb Code     0  startup_at32f403a_407.o(.text)
    USBFS_L_CAN1_RX0_IRQHandler              0x0800023f   Thumb Code     0  startup_at32f403a_407.o(.text)
    USBFS_MAPH_IRQHandler                    0x0800023f   Thumb Code     0  startup_at32f403a_407.o(.text)
    USBFS_MAPL_IRQHandler                    0x0800023f   Thumb Code     0  startup_at32f403a_407.o(.text)
    WWDT_IRQHandler                          0x0800023f   Thumb Code     0  startup_at32f403a_407.o(.text)
    XMC_IRQHandler                           0x0800023f   Thumb Code     0  startup_at32f403a_407.o(.text)
    __user_initial_stackheap                 0x08000241   Thumb Code     0  startup_at32f403a_407.o(.text)
    __use_two_region_memory                  0x08000265   Thumb Code     2  heapauxi.o(.text)
    __rt_heap_escrow$2region                 0x08000267   Thumb Code     2  heapauxi.o(.text)
    __rt_heap_expand$2region                 0x08000269   Thumb Code     2  heapauxi.o(.text)
    __user_setup_stackheap                   0x0800026b   Thumb Code    74  sys_stackheap_outer.o(.text)
    exit                                     0x080002b5   Thumb Code    18  exit.o(.text)
    __user_libspace                          0x080002c9   Thumb Code     8  libspace.o(.text)
    __user_perproc_libspace                  0x080002c9   Thumb Code     0  libspace.o(.text)
    __user_perthread_libspace                0x080002c9   Thumb Code     0  libspace.o(.text)
    _sys_exit                                0x080002d1   Thumb Code     8  sys_exit.o(.text)
    __I$use$semihosting                      0x080002dd   Thumb Code     0  use_no_semi.o(.text)
    __use_no_semihosting_swi                 0x080002dd   Thumb Code     2  use_no_semi.o(.text)
    __semihosting_library_function           0x080002df   Thumb Code     0  indicate_semi.o(.text)
    BusFault_Handler                         0x080002e1   Thumb Code     2  at32f403a_407_int.o(.text.BusFault_Handler)
    DWT_DelayInit                            0x080002e5   Thumb Code    58  system.o(.text.DWT_DelayInit)
    DWT_DelayMs                              0x08000321   Thumb Code    28  system.o(.text.DWT_DelayMs)
    DWT_DelayUs                              0x0800033d   Thumb Code    50  system.o(.text.DWT_DelayUs)
    DebugMon_Handler                         0x08000371   Thumb Code     2  at32f403a_407_int.o(.text.DebugMon_Handler)
    HardFault_Handler                        0x08000375   Thumb Code     2  at32f403a_407_int.o(.text.HardFault_Handler)
    MemManage_Handler                        0x08000379   Thumb Code     2  at32f403a_407_int.o(.text.MemManage_Handler)
    NMI_Handler                              0x0800037d   Thumb Code     2  at32f403a_407_int.o(.text.NMI_Handler)
    PendSV_Handler                           0x080003ad   Thumb Code     2  at32f403a_407_int.o(.text.PendSV_Handler)
    SVC_Handler                              0x080003b1   Thumb Code     2  at32f403a_407_int.o(.text.SVC_Handler)
    SystemInit                               0x080003b5   Thumb Code    92  system_at32f403a_407.o(.text.SystemInit)
    TMR7_GLOBAL_IRQHandler                   0x08000411   Thumb Code    32  system.o(.text.TMR7_GLOBAL_IRQHandler)
    UsageFault_Handler                       0x08000431   Thumb Code     2  at32f403a_407_int.o(.text.UsageFault_Handler)
    adc_base_config                          0x080004a9   Thumb Code    68  at32f403a_407_adc.o(.text.adc_base_config)
    adc_base_default_para_init               0x080004ed   Thumb Code     8  at32f403a_407_adc.o(.text.adc_base_default_para_init)
    adc_calibration_init                     0x080004f5   Thumb Code    10  at32f403a_407_adc.o(.text.adc_calibration_init)
    adc_calibration_init_status_get          0x08000501   Thumb Code     8  at32f403a_407_adc.o(.text.adc_calibration_init_status_get)
    adc_calibration_start                    0x08000509   Thumb Code    10  at32f403a_407_adc.o(.text.adc_calibration_start)
    adc_calibration_status_get               0x08000515   Thumb Code     8  at32f403a_407_adc.o(.text.adc_calibration_status_get)
    adc_combine_mode_select                  0x0800051d   Thumb Code    26  at32f403a_407_adc.o(.text.adc_combine_mode_select)
    adc_dma_mode_enable                      0x08000539   Thumb Code    18  at32f403a_407_adc.o(.text.adc_dma_mode_enable)
    adc_enable                               0x0800054d   Thumb Code    10  at32f403a_407_adc.o(.text.adc_enable)
    adc_ordinary_channel_set                 0x08000559   Thumb Code    98  at32f403a_407_adc.o(.text.adc_ordinary_channel_set)
    adc_ordinary_conversion_trigger_set      0x080005bd   Thumb Code    42  at32f403a_407_adc.o(.text.adc_ordinary_conversion_trigger_set)
    adc_ordinary_part_mode_enable            0x080005e9   Thumb Code    18  at32f403a_407_adc.o(.text.adc_ordinary_part_mode_enable)
    adc_ordinary_software_trigger_enable     0x080005fd   Thumb Code    18  at32f403a_407_adc.o(.text.adc_ordinary_software_trigger_enable)
    clear                                    0x08000611   Thumb Code    12  mode_5.o(.text.clear)
    compare                                  0x0800061d   Thumb Code    48  mode_5.o(.text.compare)
    crm_adc_clock_div_set                    0x0800064d   Thumb Code    30  at32f403a_407_crm.o(.text.crm_adc_clock_div_set)
    crm_ahb_div_set                          0x0800066d   Thumb Code    26  at32f403a_407_crm.o(.text.crm_ahb_div_set)
    crm_apb1_div_set                         0x08000689   Thumb Code    26  at32f403a_407_crm.o(.text.crm_apb1_div_set)
    crm_apb2_div_set                         0x080006a5   Thumb Code    26  at32f403a_407_crm.o(.text.crm_apb2_div_set)
    crm_auto_step_mode_enable                0x080006c1   Thumb Code    24  at32f403a_407_crm.o(.text.crm_auto_step_mode_enable)
    crm_clock_source_enable                  0x080006d9   Thumb Code   122  at32f403a_407_crm.o(.text.crm_clock_source_enable)
    crm_flag_get                             0x08000755   Thumb Code    26  at32f403a_407_crm.o(.text.crm_flag_get)
    crm_hext_stable_wait                     0x08000771   Thumb Code    40  at32f403a_407_crm.o(.text.crm_hext_stable_wait)
    crm_periph_clock_enable                  0x08000799   Thumb Code    40  at32f403a_407_crm.o(.text.crm_periph_clock_enable)
    crm_pll_config                           0x080007c1   Thumb Code   112  at32f403a_407_crm.o(.text.crm_pll_config)
    crm_reset                                0x08000831   Thumb Code    68  at32f403a_407_crm.o(.text.crm_reset)
    crm_sysclk_switch                        0x08000875   Thumb Code    58  at32f403a_407_crm.o(.text.crm_sysclk_switch)
    crm_sysclk_switch_status_get             0x080008b1   Thumb Code    16  at32f403a_407_crm.o(.text.crm_sysclk_switch_status_get)
    dac_enable                               0x080008c1   Thumb Code    48  at32f403a_407_dac.o(.text.dac_enable)
    dac_output_buffer_enable                 0x080008f1   Thumb Code    50  at32f403a_407_dac.o(.text.dac_output_buffer_enable)
    dac_trigger_enable                       0x08000925   Thumb Code    50  at32f403a_407_dac.o(.text.dac_trigger_enable)
    dma_channel_enable                       0x08000959   Thumb Code    10  at32f403a_407_dma.o(.text.dma_channel_enable)
    dma_default_para_init                    0x08000965   Thumb Code    14  at32f403a_407_dma.o(.text.dma_default_para_init)
    dma_flag_clear                           0x08000975   Thumb Code    24  at32f403a_407_dma.o(.text.dma_flag_clear)
    dma_flag_get                             0x0800098d   Thumb Code    26  at32f403a_407_dma.o(.text.dma_flag_get)
    dma_flexible_config                      0x080009a9   Thumb Code   138  at32f403a_407_dma.o(.text.dma_flexible_config)
    dma_init                                 0x08000a35   Thumb Code   124  at32f403a_407_dma.o(.text.dma_init)
    dma_reset                                0x08000ab1   Thumb Code    92  at32f403a_407_dma.o(.text.dma_reset)
    gpio_bits_reset                          0x08000b0d   Thumb Code     4  at32f403a_407_gpio.o(.text.gpio_bits_reset)
    gpio_default_para_init                   0x08000b11   Thumb Code    18  at32f403a_407_gpio.o(.text.gpio_default_para_init)
    gpio_init                                0x08000b25   Thumb Code   190  at32f403a_407_gpio.o(.text.gpio_init)
    gpio_pin_remap_config                    0x08000be5   Thumb Code    68  at32f403a_407_gpio.o(.text.gpio_pin_remap_config)
    main                                     0x08000c99   Thumb Code    90  main.o(.text.main)
    mode_0_process                           0x08000cf5   Thumb Code   104  mode_0.o(.text.mode_0_process)
    mode_1_process                           0x08000d5d   Thumb Code   108  mode_1.o(.text.mode_1_process)
    mode_3_process                           0x08000dc9   Thumb Code   224  mode_3.o(.text.mode_3_process)
    mode_4_process                           0x08000ea9   Thumb Code     6  mode_4.o(.text.mode_4_process)
    mode_5_process                           0x08000eb1   Thumb Code    94  mode_5.o(.text.mode_5_process)
    mode_6_process                           0x08000f11   Thumb Code     6  mode_6.o(.text.mode_6_process)
    nvic_irq_enable                          0x08000f19   Thumb Code    36  at32f403a_407_misc.o(.text.nvic_irq_enable)
    nvic_priority_group_config               0x08000f3d   Thumb Code     8  at32f403a_407_misc.o(.text.nvic_priority_group_config)
    read_pump                                0x08000f49   Thumb Code   120  mode_3.o(.text.read_pump)
    system_core_clock_update                 0x08000fc1   Thumb Code   160  system_at32f403a_407.o(.text.system_core_clock_update)
    test_pd                                  0x08001071   Thumb Code   152  mode_0.o(.text.test_pd)
    test_process                             0x08001109   Thumb Code    88  system.o(.text.test_process)
    test_z_limit                             0x08001161   Thumb Code    56  mode_0.o(.text.test_z_limit)
    tmr_32_bit_function_enable               0x08001199   Thumb Code    38  at32f403a_407_tmr.o(.text.tmr_32_bit_function_enable)
    tmr_base_init                            0x080011c1   Thumb Code    14  at32f403a_407_tmr.o(.text.tmr_base_init)
    tmr_brkdt_config                         0x080011d1   Thumb Code   122  at32f403a_407_tmr.o(.text.tmr_brkdt_config)
    tmr_channel_value_set                    0x0800124d   Thumb Code    34  at32f403a_407_tmr.o(.text.tmr_channel_value_set)
    tmr_clock_source_div_set                 0x08001271   Thumb Code    18  at32f403a_407_tmr.o(.text.tmr_clock_source_div_set)
    tmr_cnt_dir_set                          0x08001285   Thumb Code    18  at32f403a_407_tmr.o(.text.tmr_cnt_dir_set)
    tmr_counter_enable                       0x08001299   Thumb Code    10  at32f403a_407_tmr.o(.text.tmr_counter_enable)
    tmr_encoder_mode_config                  0x080012a5   Thumb Code    72  at32f403a_407_tmr.o(.text.tmr_encoder_mode_config)
    tmr_input_channel_init                   0x080012ed   Thumb Code   436  at32f403a_407_tmr.o(.text.tmr_input_channel_init)
    tmr_output_channel_buffer_enable         0x080014a1   Thumb Code    66  at32f403a_407_tmr.o(.text.tmr_output_channel_buffer_enable)
    tmr_output_channel_config                0x080014e5   Thumb Code   254  at32f403a_407_tmr.o(.text.tmr_output_channel_config)
    tmr_output_enable                        0x080015e5   Thumb Code    18  at32f403a_407_tmr.o(.text.tmr_output_enable)
    tmr_period_buffer_enable                 0x080015f9   Thumb Code    18  at32f403a_407_tmr.o(.text.tmr_period_buffer_enable)
    tmr_primary_mode_select                  0x0800160d   Thumb Code    18  at32f403a_407_tmr.o(.text.tmr_primary_mode_select)
    tmr_repetition_counter_set               0x08001621   Thumb Code    12  at32f403a_407_tmr.o(.text.tmr_repetition_counter_set)
    tmr_sub_sync_mode_set                    0x0800162d   Thumb Code    18  at32f403a_407_tmr.o(.text.tmr_sub_sync_mode_set)
    wdt_counter_reload                       0x08001641   Thumb Code    16  at32f403a_407_wdt.o(.text.wdt_counter_reload)
    wdt_divider_set                          0x08001651   Thumb Code    18  at32f403a_407_wdt.o(.text.wdt_divider_set)
    wdt_register_write_enable                0x08001665   Thumb Code    20  at32f403a_407_wdt.o(.text.wdt_register_write_enable)
    wdt_reload_value_set                     0x08001679   Thumb Code    12  at32f403a_407_wdt.o(.text.wdt_reload_value_set)
    wk_adc1_init                             0x08001685   Thumb Code   182  at32f403a_407_wk_config.o(.text.wk_adc1_init)
    wk_dac_init                              0x0800173d   Thumb Code    66  at32f403a_407_wk_config.o(.text.wk_dac_init)
    wk_debug_config                          0x08001781   Thumb Code    18  at32f403a_407_wk_config.o(.text.wk_debug_config)
    wk_dma1_channel1_init                    0x08001795   Thumb Code    70  at32f403a_407_wk_config.o(.text.wk_dma1_channel1_init)
    wk_dma_channel_config                    0x080017dd   Thumb Code     8  at32f403a_407_wk_config.o(.text.wk_dma_channel_config)
    wk_gpio_config                           0x080017e5   Thumb Code   220  at32f403a_407_wk_config.o(.text.wk_gpio_config)
    wk_nvic_config                           0x080018c1   Thumb Code    20  at32f403a_407_wk_config.o(.text.wk_nvic_config)
    wk_periph_clock_config                   0x080018d5   Thumb Code   134  at32f403a_407_wk_config.o(.text.wk_periph_clock_config)
    wk_system_clock_config                   0x0800195d   Thumb Code   144  at32f403a_407_wk_config.o(.text.wk_system_clock_config)
    wk_tmr1_init                             0x080019ed   Thumb Code   202  at32f403a_407_wk_config.o(.text.wk_tmr1_init)
    wk_tmr2_init                             0x08001ab9   Thumb Code   222  at32f403a_407_wk_config.o(.text.wk_tmr2_init)
    wk_tmr7_init                             0x08001b99   Thumb Code    56  at32f403a_407_wk_config.o(.text.wk_tmr7_init)
    wk_wdt_init                              0x08001bd1   Thumb Code    28  at32f403a_407_wk_config.o(.text.wk_wdt_init)
    __aeabi_d2f                              0x08001bed   Thumb Code     0  d2f.o(x$fpl$d2f)
    _d2f                                     0x08001bed   Thumb Code    98  d2f.o(x$fpl$d2f)
    __fpl_dcmp_Inf                           0x08001c4f   Thumb Code    24  dcmpi.o(x$fpl$dcmpinf)
    __aeabi_cdcmpeq                          0x08001c69   Thumb Code     0  deqf.o(x$fpl$deqf)
    _dcmpeq                                  0x08001c69   Thumb Code   120  deqf.o(x$fpl$deqf)
    __aeabi_ui2d                             0x08001ce1   Thumb Code     0  dflt_clz.o(x$fpl$dfltu)
    _dfltu                                   0x08001ce1   Thumb Code    38  dflt_clz.o(x$fpl$dfltu)
    __aeabi_cdcmpge                          0x08001d09   Thumb Code     0  dgeqf.o(x$fpl$dgeqf)
    _dcmpge                                  0x08001d09   Thumb Code   120  dgeqf.o(x$fpl$dgeqf)
    __aeabi_cdcmple                          0x08001d81   Thumb Code     0  dleqf.o(x$fpl$dleqf)
    _dcmple                                  0x08001d81   Thumb Code   120  dleqf.o(x$fpl$dleqf)
    __fpl_dcmple_InfNaN                      0x08001de3   Thumb Code     0  dleqf.o(x$fpl$dleqf)
    __aeabi_dmul                             0x08001df9   Thumb Code     0  dmul.o(x$fpl$dmul)
    _dmul                                    0x08001df9   Thumb Code   332  dmul.o(x$fpl$dmul)
    __fpl_dnaninf                            0x08001f4d   Thumb Code   156  dnaninf.o(x$fpl$dnaninf)
    __fpl_dretinf                            0x08001fe9   Thumb Code    12  dretinf.o(x$fpl$dretinf)
    __aeabi_f2d                              0x08001ff5   Thumb Code     0  f2d.o(x$fpl$f2d)
    _f2d                                     0x08001ff5   Thumb Code    86  f2d.o(x$fpl$f2d)
    __aeabi_dcmpeq                           0x0800204b   Thumb Code     0  dcmp.o(x$fpl$fcmp)
    _deq                                     0x0800204b   Thumb Code    14  dcmp.o(x$fpl$fcmp)
    _dneq                                    0x08002059   Thumb Code    14  dcmp.o(x$fpl$fcmp)
    __aeabi_dcmpgt                           0x08002067   Thumb Code     0  dcmp.o(x$fpl$fcmp)
    _dgr                                     0x08002067   Thumb Code    14  dcmp.o(x$fpl$fcmp)
    __aeabi_dcmpge                           0x08002075   Thumb Code     0  dcmp.o(x$fpl$fcmp)
    _dgeq                                    0x08002075   Thumb Code    14  dcmp.o(x$fpl$fcmp)
    __aeabi_dcmple                           0x08002083   Thumb Code     0  dcmp.o(x$fpl$fcmp)
    _dleq                                    0x08002083   Thumb Code    14  dcmp.o(x$fpl$fcmp)
    __aeabi_dcmplt                           0x08002091   Thumb Code     0  dcmp.o(x$fpl$fcmp)
    _dls                                     0x08002091   Thumb Code    14  dcmp.o(x$fpl$fcmp)
    __fpl_fnaninf                            0x0800209f   Thumb Code   140  fnaninf.o(x$fpl$fnaninf)
    _fp_init                                 0x0800212b   Thumb Code    26  fpinit.o(x$fpl$fpinit)
    __fplib_config_fpu_vfp                   0x08002143   Thumb Code     0  fpinit.o(x$fpl$fpinit)
    __fplib_config_pureend_doubles           0x08002143   Thumb Code     0  fpinit.o(x$fpl$fpinit)
    __fpl_fretinf                            0x08002145   Thumb Code    10  fretinf.o(x$fpl$fretinf)
    __I$use$fp                               0x0800214e   Number         0  usenofp.o(x$fpl$usenofp)
    Region$$Table$$Base                      0x08002150   Number         0  anon$$obj.o(Region$$Table)
    Region$$Table$$Limit                     0x08002170   Number         0  anon$$obj.o(Region$$Table)
    system_core_clock                        0x20000000   Data           4  system_at32f403a_407.o(.data.system_core_clock)
    __libspace_start                         0x20000008   Data          96  libspace.o(.bss)
    __temporary_stack_top$libspace           0x20000068   Data           0  libspace.o(.bss)
    tick                                     0x20000078   Data           4  system.o(.bss.tick)



==============================================================================

Memory Map of the image

  Image Entry point : 0x08000185

  Load Region LR_IROM1 (Base: 0x08000000, Size: 0x00002178, Max: 0x00100000, ABSOLUTE)

    Execution Region ER_IROM1 (Exec base: 0x08000000, Load base: 0x08000000, Size: 0x00002170, Max: 0x00100000, ABSOLUTE)

    Exec Addr    Load Addr    Size         Type   Attr      Idx    E Section Name        Object

    0x08000000   0x08000000   0x00000184   Data   RO          751    RESET               startup_at32f403a_407.o
    0x08000184   0x08000184   0x00000008   Code   RO          775  * !!!main             c_w.l(__main.o)
    0x0800018c   0x0800018c   0x00000034   Code   RO          969    !!!scatter          c_w.l(__scatter.o)
    0x080001c0   0x080001c0   0x0000001a   Code   RO          971    !!handler_copy      c_w.l(__scatter_copy.o)
    0x080001da   0x080001da   0x00000002   PAD
    0x080001dc   0x080001dc   0x0000001c   Code   RO          973    !!handler_zi        c_w.l(__scatter_zi.o)
    0x080001f8   0x080001f8   0x00000002   Code   RO          833    .ARM.Collect$$libinit$$00000000  c_w.l(libinit.o)
    0x080001fa   0x080001fa   0x00000004   Code   RO          839    .ARM.Collect$$libinit$$00000001  c_w.l(libinit2.o)
    0x080001fe   0x080001fe   0x00000000   Code   RO          842    .ARM.Collect$$libinit$$00000004  c_w.l(libinit2.o)
    0x080001fe   0x080001fe   0x00000000   Code   RO          845    .ARM.Collect$$libinit$$0000000A  c_w.l(libinit2.o)
    0x080001fe   0x080001fe   0x00000000   Code   RO          847    .ARM.Collect$$libinit$$0000000C  c_w.l(libinit2.o)
    0x080001fe   0x080001fe   0x00000000   Code   RO          849    .ARM.Collect$$libinit$$0000000E  c_w.l(libinit2.o)
    0x080001fe   0x080001fe   0x00000000   Code   RO          852    .ARM.Collect$$libinit$$00000011  c_w.l(libinit2.o)
    0x080001fe   0x080001fe   0x00000000   Code   RO          854    .ARM.Collect$$libinit$$00000013  c_w.l(libinit2.o)
    0x080001fe   0x080001fe   0x00000000   Code   RO          856    .ARM.Collect$$libinit$$00000015  c_w.l(libinit2.o)
    0x080001fe   0x080001fe   0x00000000   Code   RO          858    .ARM.Collect$$libinit$$00000017  c_w.l(libinit2.o)
    0x080001fe   0x080001fe   0x00000000   Code   RO          860    .ARM.Collect$$libinit$$00000019  c_w.l(libinit2.o)
    0x080001fe   0x080001fe   0x00000000   Code   RO          862    .ARM.Collect$$libinit$$0000001B  c_w.l(libinit2.o)
    0x080001fe   0x080001fe   0x00000000   Code   RO          864    .ARM.Collect$$libinit$$0000001D  c_w.l(libinit2.o)
    0x080001fe   0x080001fe   0x00000000   Code   RO          866    .ARM.Collect$$libinit$$0000001F  c_w.l(libinit2.o)
    0x080001fe   0x080001fe   0x00000000   Code   RO          868    .ARM.Collect$$libinit$$00000021  c_w.l(libinit2.o)
    0x080001fe   0x080001fe   0x00000000   Code   RO          870    .ARM.Collect$$libinit$$00000023  c_w.l(libinit2.o)
    0x080001fe   0x080001fe   0x00000000   Code   RO          872    .ARM.Collect$$libinit$$00000025  c_w.l(libinit2.o)
    0x080001fe   0x080001fe   0x00000000   Code   RO          876    .ARM.Collect$$libinit$$0000002C  c_w.l(libinit2.o)
    0x080001fe   0x080001fe   0x00000000   Code   RO          878    .ARM.Collect$$libinit$$0000002E  c_w.l(libinit2.o)
    0x080001fe   0x080001fe   0x00000000   Code   RO          880    .ARM.Collect$$libinit$$00000030  c_w.l(libinit2.o)
    0x080001fe   0x080001fe   0x00000000   Code   RO          882    .ARM.Collect$$libinit$$00000032  c_w.l(libinit2.o)
    0x080001fe   0x080001fe   0x00000002   Code   RO          883    .ARM.Collect$$libinit$$00000033  c_w.l(libinit2.o)
    0x08000200   0x08000200   0x00000002   Code   RO          905    .ARM.Collect$$libshutdown$$00000000  c_w.l(libshutdown.o)
    0x08000202   0x08000202   0x00000000   Code   RO          920    .ARM.Collect$$libshutdown$$00000002  c_w.l(libshutdown2.o)
    0x08000202   0x08000202   0x00000000   Code   RO          922    .ARM.Collect$$libshutdown$$00000004  c_w.l(libshutdown2.o)
    0x08000202   0x08000202   0x00000000   Code   RO          925    .ARM.Collect$$libshutdown$$00000007  c_w.l(libshutdown2.o)
    0x08000202   0x08000202   0x00000000   Code   RO          928    .ARM.Collect$$libshutdown$$0000000A  c_w.l(libshutdown2.o)
    0x08000202   0x08000202   0x00000000   Code   RO          930    .ARM.Collect$$libshutdown$$0000000C  c_w.l(libshutdown2.o)
    0x08000202   0x08000202   0x00000000   Code   RO          933    .ARM.Collect$$libshutdown$$0000000F  c_w.l(libshutdown2.o)
    0x08000202   0x08000202   0x00000002   Code   RO          934    .ARM.Collect$$libshutdown$$00000010  c_w.l(libshutdown2.o)
    0x08000204   0x08000204   0x00000000   Code   RO          791    .ARM.Collect$$rtentry$$00000000  c_w.l(__rtentry.o)
    0x08000204   0x08000204   0x00000000   Code   RO          808    .ARM.Collect$$rtentry$$00000002  c_w.l(__rtentry2.o)
    0x08000204   0x08000204   0x00000006   Code   RO          820    .ARM.Collect$$rtentry$$00000004  c_w.l(__rtentry4.o)
    0x0800020a   0x0800020a   0x00000000   Code   RO          810    .ARM.Collect$$rtentry$$00000009  c_w.l(__rtentry2.o)
    0x0800020a   0x0800020a   0x00000004   Code   RO          811    .ARM.Collect$$rtentry$$0000000A  c_w.l(__rtentry2.o)
    0x0800020e   0x0800020e   0x00000000   Code   RO          813    .ARM.Collect$$rtentry$$0000000C  c_w.l(__rtentry2.o)
    0x0800020e   0x0800020e   0x00000008   Code   RO          814    .ARM.Collect$$rtentry$$0000000D  c_w.l(__rtentry2.o)
    0x08000216   0x08000216   0x00000002   Code   RO          837    .ARM.Collect$$rtexit$$00000000  c_w.l(rtexit.o)
    0x08000218   0x08000218   0x00000000   Code   RO          885    .ARM.Collect$$rtexit$$00000002  c_w.l(rtexit2.o)
    0x08000218   0x08000218   0x00000004   Code   RO          886    .ARM.Collect$$rtexit$$00000003  c_w.l(rtexit2.o)
    0x0800021c   0x0800021c   0x00000006   Code   RO          887    .ARM.Collect$$rtexit$$00000004  c_w.l(rtexit2.o)
    0x08000222   0x08000222   0x00000002   PAD
    0x08000224   0x08000224   0x00000040   Code   RO          752    .text               startup_at32f403a_407.o
    0x08000264   0x08000264   0x00000006   Code   RO          773    .text               c_w.l(heapauxi.o)
    0x0800026a   0x0800026a   0x0000004a   Code   RO          824    .text               c_w.l(sys_stackheap_outer.o)
    0x080002b4   0x080002b4   0x00000012   Code   RO          826    .text               c_w.l(exit.o)
    0x080002c6   0x080002c6   0x00000002   PAD
    0x080002c8   0x080002c8   0x00000008   Code   RO          834    .text               c_w.l(libspace.o)
    0x080002d0   0x080002d0   0x0000000c   Code   RO          895    .text               c_w.l(sys_exit.o)
    0x080002dc   0x080002dc   0x00000002   Code   RO          910    .text               c_w.l(use_no_semi.o)
    0x080002de   0x080002de   0x00000000   Code   RO          912    .text               c_w.l(indicate_semi.o)
    0x080002de   0x080002de   0x00000002   PAD
    0x080002e0   0x080002e0   0x00000002   Code   RO           50    .text.BusFault_Handler  at32f403a_407_int.o
    0x080002e2   0x080002e2   0x00000002   PAD
    0x080002e4   0x080002e4   0x0000003a   Code   RO           69    .text.DWT_DelayInit  system.o
    0x0800031e   0x0800031e   0x00000002   PAD
    0x08000320   0x08000320   0x0000001c   Code   RO           73    .text.DWT_DelayMs   system.o
    0x0800033c   0x0800033c   0x00000032   Code   RO           71    .text.DWT_DelayUs   system.o
    0x0800036e   0x0800036e   0x00000002   PAD
    0x08000370   0x08000370   0x00000002   Code   RO           56    .text.DebugMon_Handler  at32f403a_407_int.o
    0x08000372   0x08000372   0x00000002   PAD
    0x08000374   0x08000374   0x00000002   Code   RO           46    .text.HardFault_Handler  at32f403a_407_int.o
    0x08000376   0x08000376   0x00000002   PAD
    0x08000378   0x08000378   0x00000002   Code   RO           48    .text.MemManage_Handler  at32f403a_407_int.o
    0x0800037a   0x0800037a   0x00000002   PAD
    0x0800037c   0x0800037c   0x00000002   Code   RO           44    .text.NMI_Handler   at32f403a_407_int.o
    0x0800037e   0x0800037e   0x00000002   PAD
    0x08000380   0x08000380   0x0000002c   Code   RO          520    .text.NVIC_EncodePriority  at32f403a_407_misc.o
    0x080003ac   0x080003ac   0x00000002   Code   RO           58    .text.PendSV_Handler  at32f403a_407_int.o
    0x080003ae   0x080003ae   0x00000002   PAD
    0x080003b0   0x080003b0   0x00000002   Code   RO           54    .text.SVC_Handler   at32f403a_407_int.o
    0x080003b2   0x080003b2   0x00000002   PAD
    0x080003b4   0x080003b4   0x0000005c   Code   RO          759    .text.SystemInit    system_at32f403a_407.o
    0x08000410   0x08000410   0x00000020   Code   RO           67    .text.TMR7_GLOBAL_IRQHandler  system.o
    0x08000430   0x08000430   0x00000002   Code   RO           52    .text.UsageFault_Handler  at32f403a_407_int.o
    0x08000432   0x08000432   0x00000002   PAD
    0x08000434   0x08000434   0x00000020   Code   RO          526    .text.__NVIC_EnableIRQ  at32f403a_407_misc.o
    0x08000454   0x08000454   0x00000010   Code   RO          522    .text.__NVIC_GetPriorityGrouping  at32f403a_407_misc.o
    0x08000464   0x08000464   0x00000022   Code   RO          524    .text.__NVIC_SetPriority  at32f403a_407_misc.o
    0x08000486   0x08000486   0x00000002   PAD
    0x08000488   0x08000488   0x00000020   Code   RO          534    .text.__NVIC_SetPriorityGrouping  at32f403a_407_misc.o
    0x080004a8   0x080004a8   0x00000044   Code   RO          170    .text.adc_base_config  at32f403a_407_adc.o
    0x080004ec   0x080004ec   0x00000008   Code   RO          168    .text.adc_base_default_para_init  at32f403a_407_adc.o
    0x080004f4   0x080004f4   0x0000000a   Code   RO          176    .text.adc_calibration_init  at32f403a_407_adc.o
    0x080004fe   0x080004fe   0x00000002   PAD
    0x08000500   0x08000500   0x00000008   Code   RO          178    .text.adc_calibration_init_status_get  at32f403a_407_adc.o
    0x08000508   0x08000508   0x0000000a   Code   RO          180    .text.adc_calibration_start  at32f403a_407_adc.o
    0x08000512   0x08000512   0x00000002   PAD
    0x08000514   0x08000514   0x00000008   Code   RO          182    .text.adc_calibration_status_get  at32f403a_407_adc.o
    0x0800051c   0x0800051c   0x0000001a   Code   RO          166    .text.adc_combine_mode_select  at32f403a_407_adc.o
    0x08000536   0x08000536   0x00000002   PAD
    0x08000538   0x08000538   0x00000012   Code   RO          172    .text.adc_dma_mode_enable  at32f403a_407_adc.o
    0x0800054a   0x0800054a   0x00000002   PAD
    0x0800054c   0x0800054c   0x0000000a   Code   RO          164    .text.adc_enable    at32f403a_407_adc.o
    0x08000556   0x08000556   0x00000002   PAD
    0x08000558   0x08000558   0x00000062   Code   RO          190    .text.adc_ordinary_channel_set  at32f403a_407_adc.o
    0x080005ba   0x080005ba   0x00000002   PAD
    0x080005bc   0x080005bc   0x0000002a   Code   RO          196    .text.adc_ordinary_conversion_trigger_set  at32f403a_407_adc.o
    0x080005e6   0x080005e6   0x00000002   PAD
    0x080005e8   0x080005e8   0x00000012   Code   RO          204    .text.adc_ordinary_part_mode_enable  at32f403a_407_adc.o
    0x080005fa   0x080005fa   0x00000002   PAD
    0x080005fc   0x080005fc   0x00000012   Code   RO          212    .text.adc_ordinary_software_trigger_enable  at32f403a_407_adc.o
    0x0800060e   0x0800060e   0x00000002   PAD
    0x08000610   0x08000610   0x0000000c   Code   RO           87    .text.clear         mode_5.o
    0x0800061c   0x0800061c   0x00000030   Code   RO           89    .text.compare       mode_5.o
    0x0800064c   0x0800064c   0x0000001e   Code   RO          276    .text.crm_adc_clock_div_set  at32f403a_407_crm.o
    0x0800066a   0x0800066a   0x00000002   PAD
    0x0800066c   0x0800066c   0x0000001a   Code   RO          270    .text.crm_ahb_div_set  at32f403a_407_crm.o
    0x08000686   0x08000686   0x00000002   PAD
    0x08000688   0x08000688   0x0000001a   Code   RO          272    .text.crm_apb1_div_set  at32f403a_407_crm.o
    0x080006a2   0x080006a2   0x00000002   PAD
    0x080006a4   0x080006a4   0x0000001a   Code   RO          274    .text.crm_apb2_div_set  at32f403a_407_crm.o
    0x080006be   0x080006be   0x00000002   PAD
    0x080006c0   0x080006c0   0x00000018   Code   RO          296    .text.crm_auto_step_mode_enable  at32f403a_407_crm.o
    0x080006d8   0x080006d8   0x0000007a   Code   RO          262    .text.crm_clock_source_enable  at32f403a_407_crm.o
    0x08000752   0x08000752   0x00000002   PAD
    0x08000754   0x08000754   0x0000001a   Code   RO          246    .text.crm_flag_get  at32f403a_407_crm.o
    0x0800076e   0x0800076e   0x00000002   PAD
    0x08000770   0x08000770   0x00000028   Code   RO          250    .text.crm_hext_stable_wait  at32f403a_407_crm.o
    0x08000798   0x08000798   0x00000028   Code   RO          256    .text.crm_periph_clock_enable  at32f403a_407_crm.o
    0x080007c0   0x080007c0   0x00000070   Code   RO          284    .text.crm_pll_config  at32f403a_407_crm.o
    0x08000830   0x08000830   0x00000044   Code   RO          240    .text.crm_reset     at32f403a_407_crm.o
    0x08000874   0x08000874   0x0000003a   Code   RO          286    .text.crm_sysclk_switch  at32f403a_407_crm.o
    0x080008ae   0x080008ae   0x00000002   PAD
    0x080008b0   0x080008b0   0x00000010   Code   RO          288    .text.crm_sysclk_switch_status_get  at32f403a_407_crm.o
    0x080008c0   0x080008c0   0x00000030   Code   RO          322    .text.dac_enable    at32f403a_407_dac.o
    0x080008f0   0x080008f0   0x00000032   Code   RO          324    .text.dac_output_buffer_enable  at32f403a_407_dac.o
    0x08000922   0x08000922   0x00000002   PAD
    0x08000924   0x08000924   0x00000032   Code   RO          326    .text.dac_trigger_enable  at32f403a_407_dac.o
    0x08000956   0x08000956   0x00000002   PAD
    0x08000958   0x08000958   0x0000000a   Code   RO          728    .text.dma_channel_enable  at32f403a_407_dma.o
    0x08000962   0x08000962   0x00000002   PAD
    0x08000964   0x08000964   0x0000000e   Code   RO          738    .text.dma_default_para_init  at32f403a_407_dma.o
    0x08000972   0x08000972   0x00000002   PAD
    0x08000974   0x08000974   0x00000018   Code   RO          736    .text.dma_flag_clear  at32f403a_407_dma.o
    0x0800098c   0x0800098c   0x0000001a   Code   RO          734    .text.dma_flag_get  at32f403a_407_dma.o
    0x080009a6   0x080009a6   0x00000002   PAD
    0x080009a8   0x080009a8   0x0000008a   Code   RO          730    .text.dma_flexible_config  at32f403a_407_dma.o
    0x08000a32   0x08000a32   0x00000002   PAD
    0x08000a34   0x08000a34   0x0000007c   Code   RO          740    .text.dma_init      at32f403a_407_dma.o
    0x08000ab0   0x08000ab0   0x0000005c   Code   RO          720    .text.dma_reset     at32f403a_407_dma.o
    0x08000b0c   0x08000b0c   0x00000004   Code   RO          488    .text.gpio_bits_reset  at32f403a_407_gpio.o
    0x08000b10   0x08000b10   0x00000012   Code   RO          476    .text.gpio_default_para_init  at32f403a_407_gpio.o
    0x08000b22   0x08000b22   0x00000002   PAD
    0x08000b24   0x08000b24   0x000000be   Code   RO          474    .text.gpio_init     at32f403a_407_gpio.o
    0x08000be2   0x08000be2   0x00000002   PAD
    0x08000be4   0x08000be4   0x00000044   Code   RO          502    .text.gpio_pin_remap_config  at32f403a_407_gpio.o
    0x08000c28   0x08000c28   0x0000002c   Code   RO          118    .text.hall_test     mode_1.o
    0x08000c54   0x08000c54   0x00000024   Code   RO          142    .text.hall_test     mode_4.o
    0x08000c78   0x08000c78   0x0000001e   Code   RO          153    .text.hall_test     mode_6.o
    0x08000c96   0x08000c96   0x00000002   PAD
    0x08000c98   0x08000c98   0x0000005a   Code   RO            2    .text.main          main.o
    0x08000cf2   0x08000cf2   0x00000002   PAD
    0x08000cf4   0x08000cf4   0x00000068   Code   RO          105    .text.mode_0_process  mode_0.o
    0x08000d5c   0x08000d5c   0x0000006c   Code   RO          116    .text.mode_1_process  mode_1.o
    0x08000dc8   0x08000dc8   0x000000e0   Code   RO          129    .text.mode_3_process  mode_3.o
    0x08000ea8   0x08000ea8   0x00000006   Code   RO          140    .text.mode_4_process  mode_4.o
    0x08000eae   0x08000eae   0x00000002   PAD
    0x08000eb0   0x08000eb0   0x0000005e   Code   RO           91    .text.mode_5_process  mode_5.o
    0x08000f0e   0x08000f0e   0x00000002   PAD
    0x08000f10   0x08000f10   0x00000006   Code   RO          151    .text.mode_6_process  mode_6.o
    0x08000f16   0x08000f16   0x00000002   PAD
    0x08000f18   0x08000f18   0x00000024   Code   RO          518    .text.nvic_irq_enable  at32f403a_407_misc.o
    0x08000f3c   0x08000f3c   0x00000008   Code   RO          532    .text.nvic_priority_group_config  at32f403a_407_misc.o
    0x08000f44   0x08000f44   0x00000004   PAD
    0x08000f48   0x08000f48   0x00000078   Code   RO          127    .text.read_pump     mode_3.o
    0x08000fc0   0x08000fc0   0x000000b0   Code   RO          761    .text.system_core_clock_update  system_at32f403a_407.o
    0x08001070   0x08001070   0x00000098   Code   RO          101    .text.test_pd       mode_0.o
    0x08001108   0x08001108   0x00000058   Code   RO           75    .text.test_process  system.o
    0x08001160   0x08001160   0x00000038   Code   RO          103    .text.test_z_limit  mode_0.o
    0x08001198   0x08001198   0x00000026   Code   RO          628    .text.tmr_32_bit_function_enable  at32f403a_407_tmr.o
    0x080011be   0x080011be   0x00000002   PAD
    0x080011c0   0x080011c0   0x0000000e   Code   RO          590    .text.tmr_base_init  at32f403a_407_tmr.o
    0x080011ce   0x080011ce   0x00000002   PAD
    0x080011d0   0x080011d0   0x0000007a   Code   RO          690    .text.tmr_brkdt_config  at32f403a_407_tmr.o
    0x0800124a   0x0800124a   0x00000002   PAD
    0x0800124c   0x0800124c   0x00000022   Code   RO          614    .text.tmr_channel_value_set  at32f403a_407_tmr.o
    0x0800126e   0x0800126e   0x00000002   PAD
    0x08001270   0x08001270   0x00000012   Code   RO          592    .text.tmr_clock_source_div_set  at32f403a_407_tmr.o
    0x08001282   0x08001282   0x00000002   PAD
    0x08001284   0x08001284   0x00000012   Code   RO          594    .text.tmr_cnt_dir_set  at32f403a_407_tmr.o
    0x08001296   0x08001296   0x00000002   PAD
    0x08001298   0x08001298   0x0000000a   Code   RO          582    .text.tmr_counter_enable  at32f403a_407_tmr.o
    0x080012a2   0x080012a2   0x00000002   PAD
    0x080012a4   0x080012a4   0x00000048   Code   RO          684    .text.tmr_encoder_mode_config  at32f403a_407_tmr.o
    0x080012ec   0x080012ec   0x000001b4   Code   RO          634    .text.tmr_input_channel_init  at32f403a_407_tmr.o
    0x080014a0   0x080014a0   0x00000042   Code   RO          620    .text.tmr_output_channel_buffer_enable  at32f403a_407_tmr.o
    0x080014e2   0x080014e2   0x00000002   PAD
    0x080014e4   0x080014e4   0x000000fe   Code   RO          606    .text.tmr_output_channel_config  at32f403a_407_tmr.o
    0x080015e2   0x080015e2   0x00000002   PAD
    0x080015e4   0x080015e4   0x00000012   Code   RO          672    .text.tmr_output_enable  at32f403a_407_tmr.o
    0x080015f6   0x080015f6   0x00000002   PAD
    0x080015f8   0x080015f8   0x00000012   Code   RO          618    .text.tmr_period_buffer_enable  at32f403a_407_tmr.o
    0x0800160a   0x0800160a   0x00000002   PAD
    0x0800160c   0x0800160c   0x00000012   Code   RO          646    .text.tmr_primary_mode_select  at32f403a_407_tmr.o
    0x0800161e   0x0800161e   0x00000002   PAD
    0x08001620   0x08001620   0x0000000c   Code   RO          596    .text.tmr_repetition_counter_set  at32f403a_407_tmr.o
    0x0800162c   0x0800162c   0x00000012   Code   RO          658    .text.tmr_sub_sync_mode_set  at32f403a_407_tmr.o
    0x0800163e   0x0800163e   0x00000002   PAD
    0x08001640   0x08001640   0x00000010   Code   RO          702    .text.wdt_counter_reload  at32f403a_407_wdt.o
    0x08001650   0x08001650   0x00000012   Code   RO          706    .text.wdt_divider_set  at32f403a_407_wdt.o
    0x08001662   0x08001662   0x00000002   PAD
    0x08001664   0x08001664   0x00000014   Code   RO          708    .text.wdt_register_write_enable  at32f403a_407_wdt.o
    0x08001678   0x08001678   0x0000000c   Code   RO          704    .text.wdt_reload_value_set  at32f403a_407_wdt.o
    0x08001684   0x08001684   0x000000b6   Code   RO           31    .text.wk_adc1_init  at32f403a_407_wk_config.o
    0x0800173a   0x0800173a   0x00000002   PAD
    0x0800173c   0x0800173c   0x00000042   Code   RO           27    .text.wk_dac_init   at32f403a_407_wk_config.o
    0x0800177e   0x0800177e   0x00000002   PAD
    0x08001780   0x08001780   0x00000012   Code   RO           15    .text.wk_debug_config  at32f403a_407_wk_config.o
    0x08001792   0x08001792   0x00000002   PAD
    0x08001794   0x08001794   0x00000046   Code   RO           33    .text.wk_dma1_channel1_init  at32f403a_407_wk_config.o
    0x080017da   0x080017da   0x00000002   PAD
    0x080017dc   0x080017dc   0x00000008   Code   RO           35    .text.wk_dma_channel_config  at32f403a_407_wk_config.o
    0x080017e4   0x080017e4   0x000000dc   Code   RO           19    .text.wk_gpio_config  at32f403a_407_wk_config.o
    0x080018c0   0x080018c0   0x00000014   Code   RO           17    .text.wk_nvic_config  at32f403a_407_wk_config.o
    0x080018d4   0x080018d4   0x00000086   Code   RO           13    .text.wk_periph_clock_config  at32f403a_407_wk_config.o
    0x0800195a   0x0800195a   0x00000002   PAD
    0x0800195c   0x0800195c   0x00000090   Code   RO           11    .text.wk_system_clock_config  at32f403a_407_wk_config.o
    0x080019ec   0x080019ec   0x000000ca   Code   RO           21    .text.wk_tmr1_init  at32f403a_407_wk_config.o
    0x08001ab6   0x08001ab6   0x00000002   PAD
    0x08001ab8   0x08001ab8   0x000000de   Code   RO           23    .text.wk_tmr2_init  at32f403a_407_wk_config.o
    0x08001b96   0x08001b96   0x00000002   PAD
    0x08001b98   0x08001b98   0x00000038   Code   RO           25    .text.wk_tmr7_init  at32f403a_407_wk_config.o
    0x08001bd0   0x08001bd0   0x0000001c   Code   RO           29    .text.wk_wdt_init   at32f403a_407_wk_config.o
    0x08001bec   0x08001bec   0x00000062   Code   RO          777    x$fpl$d2f           fz_wm.l(d2f.o)
    0x08001c4e   0x08001c4e   0x00000018   Code   RO          822    x$fpl$dcmpinf       fz_wm.l(dcmpi.o)
    0x08001c66   0x08001c66   0x00000002   PAD
    0x08001c68   0x08001c68   0x00000078   Code   RO          792    x$fpl$deqf          fz_wm.l(deqf.o)
    0x08001ce0   0x08001ce0   0x00000026   Code   RO          781    x$fpl$dfltu         fz_wm.l(dflt_clz.o)
    0x08001d06   0x08001d06   0x00000002   PAD
    0x08001d08   0x08001d08   0x00000078   Code   RO          794    x$fpl$dgeqf         fz_wm.l(dgeqf.o)
    0x08001d80   0x08001d80   0x00000078   Code   RO          796    x$fpl$dleqf         fz_wm.l(dleqf.o)
    0x08001df8   0x08001df8   0x00000154   Code   RO          787    x$fpl$dmul          fz_wm.l(dmul.o)
    0x08001f4c   0x08001f4c   0x0000009c   Code   RO          798    x$fpl$dnaninf       fz_wm.l(dnaninf.o)
    0x08001fe8   0x08001fe8   0x0000000c   Code   RO          800    x$fpl$dretinf       fz_wm.l(dretinf.o)
    0x08001ff4   0x08001ff4   0x00000056   Code   RO          789    x$fpl$f2d           fz_wm.l(f2d.o)
    0x0800204a   0x0800204a   0x00000054   Code   RO          779    x$fpl$fcmp          fz_wm.l(dcmp.o)
    0x0800209e   0x0800209e   0x0000008c   Code   RO          802    x$fpl$fnaninf       fz_wm.l(fnaninf.o)
    0x0800212a   0x0800212a   0x0000001a   Code   RO          893    x$fpl$fpinit        fz_wm.l(fpinit.o)
    0x08002144   0x08002144   0x0000000a   Code   RO          804    x$fpl$fretinf       fz_wm.l(fretinf.o)
    0x0800214e   0x0800214e   0x00000000   Code   RO          806    x$fpl$usenofp       fz_wm.l(usenofp.o)
    0x0800214e   0x0800214e   0x00000002   PAD
    0x08002150   0x08002150   0x00000020   Data   RO          968    Region$$Table       anon$$obj.o


    Execution Region RW_IRAM1 (Exec base: 0x20000000, Load base: 0x08002170, Size: 0x00000680, Max: 0x00018000, ABSOLUTE)

    Exec Addr    Load Addr    Size         Type   Attr      Idx    E Section Name        Object

    0x20000000   0x08002170   0x00000004   Data   RW          763    .data.system_core_clock  system_at32f403a_407.o
    0x20000004   0x08002174   0x00000004   PAD
    0x20000008        -       0x00000060   Zero   RW          835    .bss                c_w.l(libspace.o)
    0x20000068        -       0x00000004   Zero   RW           78    .bss.SystemCoreClockFreq  system.o
    0x2000006c        -       0x00000006   Zero   RW          107    .bss.adc_values     mode_0.o
    0x20000072        -       0x00000006   Zero   RW          131    .bss.adc_values     mode_3.o
    0x20000078        -       0x00000004   Zero   RW           77    .bss.tick           system.o
    0x2000007c   0x08002174   0x00000004   PAD
    0x20000080        -       0x00000200   Zero   RW          750    HEAP                startup_at32f403a_407.o
    0x20000280        -       0x00000400   Zero   RW          749    STACK               startup_at32f403a_407.o


==============================================================================

Image component sizes


      Code (inc. data)   RO Data    RW Data    ZI Data      Debug   Object Name

       342          0          0          0          0      17383   at32f403a_407_adc.o
       614          6          0          0          0      22140   at32f403a_407_crm.o
       148          0          0          0          0       8593   at32f403a_407_dac.o
       428          8          0          0          0       9238   at32f403a_407_dma.o
       280          0          0          0          0      15362   at32f403a_407_gpio.o
        16          0          0          0          0        899   at32f403a_407_int.o
       202          0          0          0          0       7290   at32f403a_407_misc.o
      1166         32          0          0          0      29457   at32f403a_407_tmr.o
        66          0          0          0          0       2403   at32f403a_407_wdt.o
      1370          0          0          0          0      31707   at32f403a_407_wk_config.o
        90          0          0          0          0       4988   main.o
       312         16          0          0          6      13753   mode_0.o
       152          0          0          0          0       4573   mode_1.o
       344         32          0          0          6       9342   mode_3.o
        42          0          0          0          0       4519   mode_4.o
       154          0          0          0          0       9128   mode_5.o
        36          0          0          0          0       4507   mode_6.o
        64         26        388          0       1536        816   startup_at32f403a_407.o
       256          8          0          0          8      10427   system.o
       268         16          0          4          0       8301   system_at32f403a_407.o

    ----------------------------------------------------------------------
      6476        144        420          4       1564     214826   Object Totals
         0          0         32          0          0          0   (incl. Generated)
       126          0          0          0          8          0   (incl. Padding)

    ----------------------------------------------------------------------

      Code (inc. data)   RO Data    RW Data    ZI Data      Debug   Library Member Name

         8          0          0          0          0         68   __main.o
         0          0          0          0          0          0   __rtentry.o
        12          0          0          0          0          0   __rtentry2.o
         6          0          0          0          0          0   __rtentry4.o
        52          8          0          0          0          0   __scatter.o
        26          0          0          0          0          0   __scatter_copy.o
        28          0          0          0          0          0   __scatter_zi.o
        18          0          0          0          0         80   exit.o
         6          0          0          0          0        152   heapauxi.o
         0          0          0          0          0          0   indicate_semi.o
         2          0          0          0          0          0   libinit.o
         6          0          0          0          0          0   libinit2.o
         2          0          0          0          0          0   libshutdown.o
         2          0          0          0          0          0   libshutdown2.o
         8          4          0          0         96         68   libspace.o
         2          0          0          0          0          0   rtexit.o
        10          0          0          0          0          0   rtexit2.o
        12          4          0          0          0         68   sys_exit.o
        74          0          0          0          0         80   sys_stackheap_outer.o
         2          0          0          0          0         68   use_no_semi.o
        98          4          0          0          0        140   d2f.o
        84          0          0          0          0        244   dcmp.o
        24          0          0          0          0        116   dcmpi.o
       120          4          0          0          0        140   deqf.o
        38          0          0          0          0        116   dflt_clz.o
       120          4          0          0          0        140   dgeqf.o
       120          4          0          0          0        140   dleqf.o
       340         12          0          0          0        152   dmul.o
       156          4          0          0          0        140   dnaninf.o
        12          0          0          0          0        116   dretinf.o
        86          4          0          0          0        132   f2d.o
       140          4          0          0          0        132   fnaninf.o
        26          0          0          0          0        116   fpinit.o
        10          0          0          0          0        116   fretinf.o
         0          0          0          0          0          0   usenofp.o

    ----------------------------------------------------------------------
      1664         56          0          0         96       2524   Library Totals
        14          0          0          0          0          0   (incl. Padding)

    ----------------------------------------------------------------------

      Code (inc. data)   RO Data    RW Data    ZI Data      Debug   Library Name

       276         16          0          0         96        584   c_w.l
      1374         40          0          0          0       1940   fz_wm.l

    ----------------------------------------------------------------------
      1664         56          0          0         96       2524   Library Totals

    ----------------------------------------------------------------------

==============================================================================


      Code (inc. data)   RO Data    RW Data    ZI Data      Debug   

      8140        200        420          4       1660     215534   Grand Totals
      8140        200        420          4       1660     215534   ELF Image Totals
      8140        200        420          4          0          0   ROM Totals

==============================================================================

    Total RO  Size (Code + RO Data)                 8560 (   8.36kB)
    Total RW  Size (RW Data + ZI Data)              1664 (   1.63kB)
    Total ROM Size (Code + RO Data + RW Data)       8564 (   8.36kB)

==============================================================================

